20:53:36 **** Build of project testbench_bsp ****
make -k all 
"Running Make include in ps7_cortexa9_0/libsrc/coresightps_dcc_v1_2/src"
make -C ps7_cortexa9_0/libsrc/coresightps_dcc_v1_2/src -s include  "SHELL=CMD" "COMPILER=arm-none-eabi-gcc" "ARCHIVER=arm-none-eabi-ar" "COMPILER_FLAGS=  -O2 -c" "EXTRA_COMPILER_FLAGS=-mcpu=cortex-a9 -mfpu=vfpv3 -mfloat-abi=hard -nostartfiles"
"Running Make include in ps7_cortexa9_0/libsrc/cpu_cortexa9_v2_2/src"
make -C ps7_cortexa9_0/libsrc/cpu_cortexa9_v2_2/src -s include  "SHELL=CMD" "COMPILER=arm-none-eabi-gcc" "ARCHIVER=arm-none-eabi-ar" "COMPILER_FLAGS=  -O2 -c" "EXTRA_COMPILER_FLAGS=-mcpu=cortex-a9 -mfpu=vfpv3 -mfloat-abi=hard -nostartfiles"
"Running Make include in ps7_cortexa9_0/libsrc/ddrps_v1_0/src"
make -C ps7_cortexa9_0/libsrc/ddrps_v1_0/src -s include  "SHELL=CMD" "COMPILER=arm-none-eabi-gcc" "ARCHIVER=arm-none-eabi-ar" "COMPILER_FLAGS=  -O2 -c" "EXTRA_COMPILER_FLAGS=-mcpu=cortex-a9 -mfpu=vfpv3 -mfloat-abi=hard -nostartfiles"
"Running Make include in ps7_cortexa9_0/libsrc/devcfg_v3_4/src"
make -C ps7_cortexa9_0/libsrc/devcfg_v3_4/src -s include  "SHELL=CMD" "COMPILER=arm-none-eabi-gcc" "ARCHIVER=arm-none-eabi-ar" "COMPILER_FLAGS=  -O2 -c" "EXTRA_COMPILER_FLAGS=-mcpu=cortex-a9 -mfpu=vfpv3 -mfloat-abi=hard -nostartfiles"
"Running Make include in ps7_cortexa9_0/libsrc/dmaps_v2_1/src"
make -C ps7_cortexa9_0/libsrc/dmaps_v2_1/src -s include  "SHELL=CMD" "COMPILER=arm-none-eabi-gcc" "ARCHIVER=arm-none-eabi-ar" "COMPILER_FLAGS=  -O2 -c" "EXTRA_COMPILER_FLAGS=-mcpu=cortex-a9 -mfpu=vfpv3 -mfloat-abi=hard -nostartfiles"
"Running Make include in ps7_cortexa9_0/libsrc/emacps_v3_2/src"
make -C ps7_cortexa9_0/libsrc/emacps_v3_2/src -s include  "SHELL=CMD" "COMPILER=arm-none-eabi-gcc" "ARCHIVER=arm-none-eabi-ar" "COMPILER_FLAGS=  -O2 -c" "EXTRA_COMPILER_FLAGS=-mcpu=cortex-a9 -mfpu=vfpv3 -mfloat-abi=hard -nostartfiles"
"Running Make include in ps7_cortexa9_0/libsrc/freq_serial_v1_0/src"
make -C ps7_cortexa9_0/libsrc/freq_serial_v1_0/src -s include  "SHELL=CMD" "COMPILER=arm-none-eabi-gcc" "ARCHIVER=arm-none-eabi-ar" "COMPILER_FLAGS=  -O2 -c" "EXTRA_COMPILER_FLAGS=-mcpu=cortex-a9 -mfpu=vfpv3 -mfloat-abi=hard -nostartfiles"
"Running Make include in ps7_cortexa9_0/libsrc/gpiops_v3_1/src"
make -C ps7_cortexa9_0/libsrc/gpiops_v3_1/src -s include  "SHELL=CMD" "COMPILER=arm-none-eabi-gcc" "ARCHIVER=arm-none-eabi-ar" "COMPILER_FLAGS=  -O2 -c" "EXTRA_COMPILER_FLAGS=-mcpu=cortex-a9 -mfpu=vfpv3 -mfloat-abi=hard -nostartfiles"
"Running Make include in ps7_cortexa9_0/libsrc/qspips_v3_3/src"
make -C ps7_cortexa9_0/libsrc/qspips_v3_3/src -s include  "SHELL=CMD" "COMPILER=arm-none-eabi-gcc" "ARCHIVER=arm-none-eabi-ar" "COMPILER_FLAGS=  -O2 -c" "EXTRA_COMPILER_FLAGS=-mcpu=cortex-a9 -mfpu=vfpv3 -mfloat-abi=hard -nostartfiles"
"Running Make include in ps7_cortexa9_0/libsrc/scugic_v3_2/src"
make -C ps7_cortexa9_0/libsrc/scugic_v3_2/src -s include  "SHELL=CMD" "COMPILER=arm-none-eabi-gcc" "ARCHIVER=arm-none-eabi-ar" "COMPILER_FLAGS=  -O2 -c" "EXTRA_COMPILER_FLAGS=-mcpu=cortex-a9 -mfpu=vfpv3 -mfloat-abi=hard -nostartfiles"
"Running Make include in ps7_cortexa9_0/libsrc/scutimer_v2_1/src"
make -C ps7_cortexa9_0/libsrc/scutimer_v2_1/src -s include  "SHELL=CMD" "COMPILER=arm-none-eabi-gcc" "ARCHIVER=arm-none-eabi-ar" "COMPILER_FLAGS=  -O2 -c" "EXTRA_COMPILER_FLAGS=-mcpu=cortex-a9 -mfpu=vfpv3 -mfloat-abi=hard -nostartfiles"
"Running Make include in ps7_cortexa9_0/libsrc/scuwdt_v2_1/src"
make -C ps7_cortexa9_0/libsrc/scuwdt_v2_1/src -s include  "SHELL=CMD" "COMPILER=arm-none-eabi-gcc" "ARCHIVER=arm-none-eabi-ar" "COMPILER_FLAGS=  -O2 -c" "EXTRA_COMPILER_FLAGS=-mcpu=cortex-a9 -mfpu=vfpv3 -mfloat-abi=hard -nostartfiles"
"Running Make include in ps7_cortexa9_0/libsrc/sdps_v2_7/src"
make -C ps7_cortexa9_0/libsrc/sdps_v2_7/src -s include  "SHELL=CMD" "COMPILER=arm-none-eabi-gcc" "ARCHIVER=arm-none-eabi-ar" "COMPILER_FLAGS=  -O2 -c" "EXTRA_COMPILER_FLAGS=-mcpu=cortex-a9 -mfpu=vfpv3 -mfloat-abi=hard -nostartfiles"
"Running Make include in ps7_cortexa9_0/libsrc/standalone_v5_4/src"
make -C ps7_cortexa9_0/libsrc/standalone_v5_4/src -s include  "SHELL=CMD" "COMPILER=arm-none-eabi-gcc" "ARCHIVER=arm-none-eabi-ar" "COMPILER_FLAGS=  -O2 -c" "EXTRA_COMPILER_FLAGS=-mcpu=cortex-a9 -mfpu=vfpv3 -mfloat-abi=hard -nostartfiles"
"Running Make include in ps7_cortexa9_0/libsrc/ttcps_v3_1/src"
make -C ps7_cortexa9_0/libsrc/ttcps_v3_1/src -s include  "SHELL=CMD" "COMPILER=arm-none-eabi-gcc" "ARCHIVER=arm-none-eabi-ar" "COMPILER_FLAGS=  -O2 -c" "EXTRA_COMPILER_FLAGS=-mcpu=cortex-a9 -mfpu=vfpv3 -mfloat-abi=hard -nostartfiles"
"Running Make include in ps7_cortexa9_0/libsrc/uartps_v3_1/src"
make -C ps7_cortexa9_0/libsrc/uartps_v3_1/src -s include  "SHELL=CMD" "COMPILER=arm-none-eabi-gcc" "ARCHIVER=arm-none-eabi-ar" "COMPILER_FLAGS=  -O2 -c" "EXTRA_COMPILER_FLAGS=-mcpu=cortex-a9 -mfpu=vfpv3 -mfloat-abi=hard -nostartfiles"
"Running Make include in ps7_cortexa9_0/libsrc/usbps_v2_3/src"
make -C ps7_cortexa9_0/libsrc/usbps_v2_3/src -s include  "SHELL=CMD" "COMPILER=arm-none-eabi-gcc" "ARCHIVER=arm-none-eabi-ar" "COMPILER_FLAGS=  -O2 -c" "EXTRA_COMPILER_FLAGS=-mcpu=cortex-a9 -mfpu=vfpv3 -mfloat-abi=hard -nostartfiles"
"Running Make include in ps7_cortexa9_0/libsrc/xadcps_v2_2/src"
make -C ps7_cortexa9_0/libsrc/xadcps_v2_2/src -s include  "SHELL=CMD" "COMPILER=arm-none-eabi-gcc" "ARCHIVER=arm-none-eabi-ar" "COMPILER_FLAGS=  -O2 -c" "EXTRA_COMPILER_FLAGS=-mcpu=cortex-a9 -mfpu=vfpv3 -mfloat-abi=hard -nostartfiles"
"Running Make libs in ps7_cortexa9_0/libsrc/coresightps_dcc_v1_2/src"
make -C ps7_cortexa9_0/libsrc/coresightps_dcc_v1_2/src -s libs  "SHELL=CMD" "COMPILER=arm-none-eabi-gcc" "ARCHIVER=arm-none-eabi-ar" "COMPILER_FLAGS=  -O2 -c" "EXTRA_COMPILER_FLAGS=-mcpu=cortex-a9 -mfpu=vfpv3 -mfloat-abi=hard -nostartfiles"
"Compiling coresightps_dcc"
arm-none-eabi-ar: creating ../../../lib/libxil.a
"Running Make libs in ps7_cortexa9_0/libsrc/cpu_cortexa9_v2_2/src"
make -C ps7_cortexa9_0/libsrc/cpu_cortexa9_v2_2/src -s libs  "SHELL=CMD" "COMPILER=arm-none-eabi-gcc" "ARCHIVER=arm-none-eabi-ar" "COMPILER_FLAGS=  -O2 -c" "EXTRA_COMPILER_FLAGS=-mcpu=cortex-a9 -mfpu=vfpv3 -mfloat-abi=hard -nostartfiles"
"Compiling cpu_cortexa9"
"Running Make libs in ps7_cortexa9_0/libsrc/ddrps_v1_0/src"
make -C ps7_cortexa9_0/libsrc/ddrps_v1_0/src -s libs  "SHELL=CMD" "COMPILER=arm-none-eabi-gcc" "ARCHIVER=arm-none-eabi-ar" "COMPILER_FLAGS=  -O2 -c" "EXTRA_COMPILER_FLAGS=-mcpu=cortex-a9 -mfpu=vfpv3 -mfloat-abi=hard -nostartfiles"
"Compiling ddrps"
"Running Make libs in ps7_cortexa9_0/libsrc/devcfg_v3_4/src"
make -C ps7_cortexa9_0/libsrc/devcfg_v3_4/src -s libs  "SHELL=CMD" "COMPILER=arm-none-eabi-gcc" "ARCHIVER=arm-none-eabi-ar" "COMPILER_FLAGS=  -O2 -c" "EXTRA_COMPILER_FLAGS=-mcpu=cortex-a9 -mfpu=vfpv3 -mfloat-abi=hard -nostartfiles"
"Compiling devcfg"
"Running Make libs in ps7_cortexa9_0/libsrc/dmaps_v2_1/src"
make -C ps7_cortexa9_0/libsrc/dmaps_v2_1/src -s libs  "SHELL=CMD" "COMPILER=arm-none-eabi-gcc" "ARCHIVER=arm-none-eabi-ar" "COMPILER_FLAGS=  -O2 -c" "EXTRA_COMPILER_FLAGS=-mcpu=cortex-a9 -mfpu=vfpv3 -mfloat-abi=hard -nostartfiles"
"Compiling dmaps"
"Running Make libs in ps7_cortexa9_0/libsrc/emacps_v3_2/src"
make -C ps7_cortexa9_0/libsrc/emacps_v3_2/src -s libs  "SHELL=CMD" "COMPILER=arm-none-eabi-gcc" "ARCHIVER=arm-none-eabi-ar" "COMPILER_FLAGS=  -O2 -c" "EXTRA_COMPILER_FLAGS=-mcpu=cortex-a9 -mfpu=vfpv3 -mfloat-abi=hard -nostartfiles"
"Compiling emacps"
"Running Make libs in ps7_cortexa9_0/libsrc/freq_serial_v1_0/src"
make -C ps7_cortexa9_0/libsrc/freq_serial_v1_0/src -s libs  "SHELL=CMD" "COMPILER=arm-none-eabi-gcc" "ARCHIVER=arm-none-eabi-ar" "COMPILER_FLAGS=  -O2 -c" "EXTRA_COMPILER_FLAGS=-mcpu=cortex-a9 -mfpu=vfpv3 -mfloat-abi=hard -nostartfiles"
"Compiling freq_serial"
"Running Make libs in ps7_cortexa9_0/libsrc/gpiops_v3_1/src"
make -C ps7_cortexa9_0/libsrc/gpiops_v3_1/src -s libs  "SHELL=CMD" "COMPILER=arm-none-eabi-gcc" "ARCHIVER=arm-none-eabi-ar" "COMPILER_FLAGS=  -O2 -c" "EXTRA_COMPILER_FLAGS=-mcpu=cortex-a9 -mfpu=vfpv3 -mfloat-abi=hard -nostartfiles"
"Compiling gpiops"
"Running Make libs in ps7_cortexa9_0/libsrc/qspips_v3_3/src"
make -C ps7_cortexa9_0/libsrc/qspips_v3_3/src -s libs  "SHELL=CMD" "COMPILER=arm-none-eabi-gcc" "ARCHIVER=arm-none-eabi-ar" "COMPILER_FLAGS=  -O2 -c" "EXTRA_COMPILER_FLAGS=-mcpu=cortex-a9 -mfpu=vfpv3 -mfloat-abi=hard -nostartfiles"
"Compiling qspips"
"Running Make libs in ps7_cortexa9_0/libsrc/scugic_v3_2/src"
make -C ps7_cortexa9_0/libsrc/scugic_v3_2/src -s libs  "SHELL=CMD" "COMPILER=arm-none-eabi-gcc" "ARCHIVER=arm-none-eabi-ar" "COMPILER_FLAGS=  -O2 -c" "EXTRA_COMPILER_FLAGS=-mcpu=cortex-a9 -mfpu=vfpv3 -mfloat-abi=hard -nostartfiles"
"Compiling scugic"
"Running Make libs in ps7_cortexa9_0/libsrc/scutimer_v2_1/src"
make -C ps7_cortexa9_0/libsrc/scutimer_v2_1/src -s libs  "SHELL=CMD" "COMPILER=arm-none-eabi-gcc" "ARCHIVER=arm-none-eabi-ar" "COMPILER_FLAGS=  -O2 -c" "EXTRA_COMPILER_FLAGS=-mcpu=cortex-a9 -mfpu=vfpv3 -mfloat-abi=hard -nostartfiles"
"Compiling scutimer"
"Running Make libs in ps7_cortexa9_0/libsrc/scuwdt_v2_1/src"
make -C ps7_cortexa9_0/libsrc/scuwdt_v2_1/src -s libs  "SHELL=CMD" "COMPILER=arm-none-eabi-gcc" "ARCHIVER=arm-none-eabi-ar" "COMPILER_FLAGS=  -O2 -c" "EXTRA_COMPILER_FLAGS=-mcpu=cortex-a9 -mfpu=vfpv3 -mfloat-abi=hard -nostartfiles"
"Compiling scuwdt"
"Running Make libs in ps7_cortexa9_0/libsrc/sdps_v2_7/src"
make -C ps7_cortexa9_0/libsrc/sdps_v2_7/src -s libs  "SHELL=CMD" "COMPILER=arm-none-eabi-gcc" "ARCHIVER=arm-none-eabi-ar" "COMPILER_FLAGS=  -O2 -c" "EXTRA_COMPILER_FLAGS=-mcpu=cortex-a9 -mfpu=vfpv3 -mfloat-abi=hard -nostartfiles"
"Compiling sdps"
"Running Make libs in ps7_cortexa9_0/libsrc/standalone_v5_4/src"
make -C ps7_cortexa9_0/libsrc/standalone_v5_4/src -s libs  "SHELL=CMD" "COMPILER=arm-none-eabi-gcc" "ARCHIVER=arm-none-eabi-ar" "COMPILER_FLAGS=  -O2 -c" "EXTRA_COMPILER_FLAGS=-mcpu=cortex-a9 -mfpu=vfpv3 -mfloat-abi=hard -nostartfiles"
"Compiling standalone"
"Running Make libs in ps7_cortexa9_0/libsrc/ttcps_v3_1/src"
make -C ps7_cortexa9_0/libsrc/ttcps_v3_1/src -s libs  "SHELL=CMD" "COMPILER=arm-none-eabi-gcc" "ARCHIVER=arm-none-eabi-ar" "COMPILER_FLAGS=  -O2 -c" "EXTRA_COMPILER_FLAGS=-mcpu=cortex-a9 -mfpu=vfpv3 -mfloat-abi=hard -nostartfiles"
"Compiling ttcps"
"Running Make libs in ps7_cortexa9_0/libsrc/uartps_v3_1/src"
make -C ps7_cortexa9_0/libsrc/uartps_v3_1/src -s libs  "SHELL=CMD" "COMPILER=arm-none-eabi-gcc" "ARCHIVER=arm-none-eabi-ar" "COMPILER_FLAGS=  -O2 -c" "EXTRA_COMPILER_FLAGS=-mcpu=cortex-a9 -mfpu=vfpv3 -mfloat-abi=hard -nostartfiles"
"Compiling uartps"
"Running Make libs in ps7_cortexa9_0/libsrc/usbps_v2_3/src"
make -C ps7_cortexa9_0/libsrc/usbps_v2_3/src -s libs  "SHELL=CMD" "COMPILER=arm-none-eabi-gcc" "ARCHIVER=arm-none-eabi-ar" "COMPILER_FLAGS=  -O2 -c" "EXTRA_COMPILER_FLAGS=-mcpu=cortex-a9 -mfpu=vfpv3 -mfloat-abi=hard -nostartfiles"
"Compiling usbps"
"Running Make libs in ps7_cortexa9_0/libsrc/xadcps_v2_2/src"
make -C ps7_cortexa9_0/libsrc/xadcps_v2_2/src -s libs  "SHELL=CMD" "COMPILER=arm-none-eabi-gcc" "ARCHIVER=arm-none-eabi-ar" "COMPILER_FLAGS=  -O2 -c" "EXTRA_COMPILER_FLAGS=-mcpu=cortex-a9 -mfpu=vfpv3 -mfloat-abi=hard -nostartfiles"
"Compiling xadcps"
'Finished building libraries'
20:53:55 **** Build of configuration Debug for project testbench ****
make pre-build main-build 
a9-linaro-pre-build-step
' '
'Building file: ../src/helloworld.c'
'Invoking: ARM v7 gcc compiler'
arm-none-eabi-gcc -Wall -O0 -g3 -c -fmessage-length=0 -MT"src/helloworld.o" -mcpu=cortex-a9 -mfpu=vfpv3 -mfloat-abi=hard -I../../testbench_bsp/ps7_cortexa9_0/include -MMD -MP -MF"src/helloworld.d" -MT"src/helloworld.o" -o "src/helloworld.o" "../src/helloworld.c"
'Finished building: ../src/helloworld.c'
' '
'Building file: ../src/platform.c'
'Invoking: ARM v7 gcc compiler'
arm-none-eabi-gcc -Wall -O0 -g3 -c -fmessage-length=0 -MT"src/platform.o" -mcpu=cortex-a9 -mfpu=vfpv3 -mfloat-abi=hard -I../../testbench_bsp/ps7_cortexa9_0/include -MMD -MP -MF"src/platform.d" -MT"src/platform.o" -o "src/platform.o" "../src/platform.c"
'Finished building: ../src/platform.c'
' '
'Building target: testbench.elf'
'Invoking: ARM v7 gcc linker'
arm-none-eabi-gcc -mcpu=cortex-a9 -mfpu=vfpv3 -mfloat-abi=hard -Wl,-build-id=none -specs=Xilinx.spec -Wl,-T -Wl,../src/lscript.ld -L../../testbench_bsp/ps7_cortexa9_0/lib -o "testbench.elf"  ./src/helloworld.o ./src/platform.o   -Wl,--start-group,-lxil,-lgcc,-lc,--end-group
'Finished building target: testbench.elf'
' '
'Invoking: ARM v7 Print Size'
arm-none-eabi-size testbench.elf  |tee "testbench.elf.size"
   text	   data	    bss	    dec	    hex	filename
  22964	   1152	  22580	  46696	   b668	testbench.elf
'Finished building: testbench.elf.size'
' '
20:54:04 **** Auto Build of configuration Debug for project testbench ****
make pre-build main-build 
a9-linaro-pre-build-step
' '
'Building file: ../src/helloworld.c'
'Invoking: ARM v7 gcc compiler'
arm-none-eabi-gcc -Wall -O0 -g3 -c -fmessage-length=0 -MT"src/helloworld.o" -mcpu=cortex-a9 -mfpu=vfpv3 -mfloat-abi=hard -I../../testbench_bsp/ps7_cortexa9_0/include -MMD -MP -MF"src/helloworld.d" -MT"src/helloworld.o" -o "src/helloworld.o" "../src/helloworld.c"
../src/helloworld.c: In function 'main':
../src/helloworld.c:145:2: error: 'for' loop initial declarations are only allowed in C99 or C11 mode
  for(int i=0; i<32; i++){
  ^
../src/helloworld.c:145:2: note: use option -std=c99, -std=gnu99, -std=c11 or -std=gnu11 to compile your code
../src/helloworld.c:150:11: error: redefinition of 'i'
   for(int i=0; i<128; i++){
           ^
../src/helloworld.c:145:10: note: previous definition of 'i' was here
  for(int i=0; i<32; i++){
          ^
../src/helloworld.c:150:3: error: 'for' loop initial declarations are only allowed in C99 or C11 mode
   for(int i=0; i<128; i++){
   ^
../src/helloworld.c:155:13: error: redefinition of 'i'
     for(int i=0; i<128; i++){
             ^
../src/helloworld.c:150:11: note: previous definition of 'i' was here
   for(int i=0; i<128; i++){
           ^
../src/helloworld.c:155:5: error: 'for' loop initial declarations are only allowed in C99 or C11 mode
     for(int i=0; i<128; i++){
     ^
../src/helloworld.c:166:140: warning: integer overflow in expression [-Woverflow]
   printf("Results ETA: ,%.2f, seconds (,%.2f, minutes) \n\r",(double)(n_input/(COUNTS_PER_SECOND*0.3)), (double)(n_input/(COUNTS_PER_SECOND*18)));
                                                                                                                                            ^
../src/helloworld.c:260:11: error: redefinition of 'i'
   for(int i=0; i<32; i++){
           ^
../src/helloworld.c:155:13: note: previous definition of 'i' was here
     for(int i=0; i<128; i++){
             ^
../src/helloworld.c:260:3: error: 'for' loop initial declarations are only allowed in C99 or C11 mode
   for(int i=0; i<32; i++){
   ^
../src/helloworld.c:267:11: error: redefinition of 'i'
   for(int i=0; i<96; i++){
           ^
../src/helloworld.c:260:11: note: previous definition of 'i' was here
   for(int i=0; i<32; i++){
           ^
../src/helloworld.c:267:3: error: 'for' loop initial declarations are only allowed in C99 or C11 mode
   for(int i=0; i<96; i++){
   ^
../src/helloworld.c:274:11: error: redefinition of 'i'
   for(int i=0; i<112; i++){
           ^
../src/helloworld.c:267:11: note: previous definition of 'i' was here
   for(int i=0; i<96; i++){
           ^
../src/helloworld.c:274:3: error: 'for' loop initial declarations are only allowed in C99 or C11 mode
   for(int i=0; i<112; i++){
   ^
../src/helloworld.c:284:11: error: redefinition of 'i'
  for (int i = 0; i<96; i++){
           ^
../src/helloworld.c:274:11: note: previous definition of 'i' was here
   for(int i=0; i<112; i++){
           ^
../src/helloworld.c:284:2: error: 'for' loop initial declarations are only allowed in C99 or C11 mode
  for (int i = 0; i<96; i++){
  ^
../src/helloworld.c:287:11: error: redefinition of 'i'
  for (int i = 0; i<32; i++){
           ^
../src/helloworld.c:284:11: note: previous definition of 'i' was here
  for (int i = 0; i<96; i++){
           ^
../src/helloworld.c:287:2: error: 'for' loop initial declarations are only allowed in C99 or C11 mode
  for (int i = 0; i<32; i++){
  ^
../src/helloworld.c:295:11: error: redefinition of 'i'
  for (int i = 0; i < 112; i++) {
           ^
../src/helloworld.c:287:11: note: previous definition of 'i' was here
  for (int i = 0; i<32; i++){
           ^
../src/helloworld.c:295:2: error: 'for' loop initial declarations are only allowed in C99 or C11 mode
  for (int i = 0; i < 112; i++) {
  ^
../src/helloworld.c:299:11: error: redefinition of 'i'
  for (int i = 0; i < 16; i++) {
           ^
../src/helloworld.c:295:11: note: previous definition of 'i' was here
  for (int i = 0; i < 112; i++) {
           ^
../src/helloworld.c:299:2: error: 'for' loop initial declarations are only allowed in C99 or C11 mode
  for (int i = 0; i < 16; i++) {
  ^
../src/helloworld.c:314:11: error: redefinition of 'i'
  for (int i = 0; i<32; i++){
           ^
../src/helloworld.c:299:11: note: previous definition of 'i' was here
  for (int i = 0; i < 16; i++) {
           ^
../src/helloworld.c:314:2: error: 'for' loop initial declarations are only allowed in C99 or C11 mode
  for (int i = 0; i<32; i++){
  ^
../src/helloworld.c:319:11: error: redefinition of 'i'
  for (int i = 0; i<128; i++){
           ^
../src/helloworld.c:314:11: note: previous definition of 'i' was here
  for (int i = 0; i<32; i++){
           ^
../src/helloworld.c:319:2: error: 'for' loop initial declarations are only allowed in C99 or C11 mode
  for (int i = 0; i<128; i++){
  ^
../src/helloworld.c:324:11: error: redefinition of 'i'
  for (int i = 0; i<128; i++){
           ^
../src/helloworld.c:319:11: note: previous definition of 'i' was here
  for (int i = 0; i<128; i++){
           ^
../src/helloworld.c:324:2: error: 'for' loop initial declarations are only allowed in C99 or C11 mode
  for (int i = 0; i<128; i++){
  ^
../src/helloworld.c:330:10: error: redefinition of 'i'
  for(int i=0; i<32; i++){
          ^
../src/helloworld.c:324:11: note: previous definition of 'i' was here
  for (int i = 0; i<128; i++){
           ^
../src/helloworld.c:330:2: error: 'for' loop initial declarations are only allowed in C99 or C11 mode
  for(int i=0; i<32; i++){
  ^
../src/helloworld.c:333:10: error: redefinition of 'i'
  for(int i=0; i<128; i++){
          ^
../src/helloworld.c:330:10: note: previous definition of 'i' was here
  for(int i=0; i<32; i++){
          ^
../src/helloworld.c:333:2: error: 'for' loop initial declarations are only allowed in C99 or C11 mode
  for(int i=0; i<128; i++){
  ^
../src/helloworld.c:336:10: error: redefinition of 'i'
  for(int i=0; i<128; i++){
          ^
../src/helloworld.c:333:10: note: previous definition of 'i' was here
  for(int i=0; i<128; i++){
          ^
../src/helloworld.c:336:2: error: 'for' loop initial declarations are only allowed in C99 or C11 mode
  for(int i=0; i<128; i++){
  ^
../src/helloworld.c: In function 'KM':
../src/helloworld.c:402:2: error: 'for' loop initial declarations are only allowed in C99 or C11 mode
  for(int I = 0; I < 1000; I++) // Loops for 1000 iterations
  ^
../src/helloworld.c: In function 'log_gamma':
../src/helloworld.c:427:2: error: 'for' loop initial declarations are only allowed in C99 or C11 mode
  for(int K = 1; K < A; K++)
  ^
make: *** [src/helloworld.o] Error 1
20:56:51 **** Clean-only build of configuration Debug for project testbench ****
make clean 
rm -rf  ./src/helloworld.o ./src/platform.o  ./src/helloworld.d ./src/platform.d  testbench.elf.size  testbench.elf
' '
20:56:51 **** Auto Build of configuration Debug for project testbench ****
make pre-build main-build 
a9-linaro-pre-build-step
' '
'Building file: ../src/helloworld.c'
'Invoking: ARM v7 gcc compiler'
arm-none-eabi-gcc -Wall -O0 -g3 -c -fmessage-length=0 -MT"src/helloworld.o" -mcpu=cortex-a9 -mfpu=vfpv3 -mfloat-abi=hard -I../../testbench_bsp/ps7_cortexa9_0/include -MMD -MP -MF"src/helloworld.d" -MT"src/helloworld.o" -o "src/helloworld.o" "../src/helloworld.c"
../src/helloworld.c: In function 'main':
../src/helloworld.c:145:2: error: 'for' loop initial declarations are only allowed in C99 or C11 mode
  for(int i=0; i<32; i++){
  ^
../src/helloworld.c:145:2: note: use option -std=c99, -std=gnu99, -std=c11 or -std=gnu11 to compile your code
../src/helloworld.c:150:11: error: redefinition of 'i'
   for(int i=0; i<128; i++){
           ^
../src/helloworld.c:145:10: note: previous definition of 'i' was here
  for(int i=0; i<32; i++){
          ^
../src/helloworld.c:150:3: error: 'for' loop initial declarations are only allowed in C99 or C11 mode
   for(int i=0; i<128; i++){
   ^
../src/helloworld.c:155:13: error: redefinition of 'i'
     for(int i=0; i<128; i++){
             ^
../src/helloworld.c:150:11: note: previous definition of 'i' was here
   for(int i=0; i<128; i++){
           ^
../src/helloworld.c:155:5: error: 'for' loop initial declarations are only allowed in C99 or C11 mode
     for(int i=0; i<128; i++){
     ^
../src/helloworld.c:166:140: warning: integer overflow in expression [-Woverflow]
   printf("Results ETA: ,%.2f, seconds (,%.2f, minutes) \n\r",(double)(n_input/(COUNTS_PER_SECOND*0.3)), (double)(n_input/(COUNTS_PER_SECOND*18)));
                                                                                                                                            ^
../src/helloworld.c:260:11: error: redefinition of 'i'
   for(int i=0; i<32; i++){
           ^
../src/helloworld.c:155:13: note: previous definition of 'i' was here
     for(int i=0; i<128; i++){
             ^
../src/helloworld.c:260:3: error: 'for' loop initial declarations are only allowed in C99 or C11 mode
   for(int i=0; i<32; i++){
   ^
../src/helloworld.c:267:11: error: redefinition of 'i'
   for(int i=0; i<96; i++){
           ^
../src/helloworld.c:260:11: note: previous definition of 'i' was here
   for(int i=0; i<32; i++){
           ^
../src/helloworld.c:267:3: error: 'for' loop initial declarations are only allowed in C99 or C11 mode
   for(int i=0; i<96; i++){
   ^
../src/helloworld.c:274:11: error: redefinition of 'i'
   for(int i=0; i<112; i++){
           ^
../src/helloworld.c:267:11: note: previous definition of 'i' was here
   for(int i=0; i<96; i++){
           ^
../src/helloworld.c:274:3: error: 'for' loop initial declarations are only allowed in C99 or C11 mode
   for(int i=0; i<112; i++){
   ^
../src/helloworld.c:284:11: error: redefinition of 'i'
  for (int i = 0; i<96; i++){
           ^
../src/helloworld.c:274:11: note: previous definition of 'i' was here
   for(int i=0; i<112; i++){
           ^
../src/helloworld.c:284:2: error: 'for' loop initial declarations are only allowed in C99 or C11 mode
  for (int i = 0; i<96; i++){
  ^
../src/helloworld.c:287:11: error: redefinition of 'i'
  for (int i = 0; i<32; i++){
           ^
../src/helloworld.c:284:11: note: previous definition of 'i' was here
  for (int i = 0; i<96; i++){
           ^
../src/helloworld.c:287:2: error: 'for' loop initial declarations are only allowed in C99 or C11 mode
  for (int i = 0; i<32; i++){
  ^
../src/helloworld.c:295:11: error: redefinition of 'i'
  for (int i = 0; i < 112; i++) {
           ^
../src/helloworld.c:287:11: note: previous definition of 'i' was here
  for (int i = 0; i<32; i++){
           ^
../src/helloworld.c:295:2: error: 'for' loop initial declarations are only allowed in C99 or C11 mode
  for (int i = 0; i < 112; i++) {
  ^
../src/helloworld.c:299:11: error: redefinition of 'i'
  for (int i = 0; i < 16; i++) {
           ^
../src/helloworld.c:295:11: note: previous definition of 'i' was here
  for (int i = 0; i < 112; i++) {
           ^
../src/helloworld.c:299:2: error: 'for' loop initial declarations are only allowed in C99 or C11 mode
  for (int i = 0; i < 16; i++) {
  ^
../src/helloworld.c:314:11: error: redefinition of 'i'
  for (int i = 0; i<32; i++){
           ^
../src/helloworld.c:299:11: note: previous definition of 'i' was here
  for (int i = 0; i < 16; i++) {
           ^
../src/helloworld.c:314:2: error: 'for' loop initial declarations are only allowed in C99 or C11 mode
  for (int i = 0; i<32; i++){
  ^
../src/helloworld.c:319:11: error: redefinition of 'i'
  for (int i = 0; i<128; i++){
           ^
../src/helloworld.c:314:11: note: previous definition of 'i' was here
  for (int i = 0; i<32; i++){
           ^
../src/helloworld.c:319:2: error: 'for' loop initial declarations are only allowed in C99 or C11 mode
  for (int i = 0; i<128; i++){
  ^
../src/helloworld.c:324:11: error: redefinition of 'i'
  for (int i = 0; i<128; i++){
           ^
../src/helloworld.c:319:11: note: previous definition of 'i' was here
  for (int i = 0; i<128; i++){
           ^
../src/helloworld.c:324:2: error: 'for' loop initial declarations are only allowed in C99 or C11 mode
  for (int i = 0; i<128; i++){
  ^
../src/helloworld.c:330:10: error: redefinition of 'i'
  for(int i=0; i<32; i++){
          ^
../src/helloworld.c:324:11: note: previous definition of 'i' was here
  for (int i = 0; i<128; i++){
           ^
../src/helloworld.c:330:2: error: 'for' loop initial declarations are only allowed in C99 or C11 mode
  for(int i=0; i<32; i++){
  ^
../src/helloworld.c:333:10: error: redefinition of 'i'
  for(int i=0; i<128; i++){
          ^
../src/helloworld.c:330:10: note: previous definition of 'i' was here
  for(int i=0; i<32; i++){
          ^
../src/helloworld.c:333:2: error: 'for' loop initial declarations are only allowed in C99 or C11 mode
  for(int i=0; i<128; i++){
  ^
../src/helloworld.c:336:10: error: redefinition of 'i'
  for(int i=0; i<128; i++){
          ^
../src/helloworld.c:333:10: note: previous definition of 'i' was here
  for(int i=0; i<128; i++){
          ^
../src/helloworld.c:336:2: error: 'for' loop initial declarations are only allowed in C99 or C11 mode
  for(int i=0; i<128; i++){
  ^
../src/helloworld.c: In function 'KM':
../src/helloworld.c:402:2: error: 'for' loop initial declarations are only allowed in C99 or C11 mode
  for(int I = 0; I < 1000; I++) // Loops for 1000 iterations
  ^
../src/helloworld.c: In function 'log_gamma':
../src/helloworld.c:427:2: error: 'for' loop initial declarations are only allowed in C99 or C11 mode
  for(int K = 1; K < A; K++)
  ^
make: *** [src/helloworld.o] Error 1
20:57:44 **** Clean-only build of configuration Debug for project testbench ****
make clean 
rm -rf  ./src/helloworld.o ./src/platform.o  ./src/helloworld.d ./src/platform.d  testbench.elf.size  testbench.elf
' '
20:57:44 **** Auto Build of configuration Debug for project testbench ****
make pre-build main-build 
a9-linaro-pre-build-step
' '
'Building file: ../src/helloworld.c'
'Invoking: ARM v7 gcc compiler'
arm-none-eabi-gcc -Wall -O0 -g3 -c -fmessage-length=0 -MT"src/helloworld.o" -mcpu=cortex-a9 -mfpu=vfpv3 -mfloat-abi=hardstd=c99 -I../../testbench_bsp/ps7_cortexa9_0/include -MMD -MP -MF"src/helloworld.d" -MT"src/helloworld.o" -o "src/helloworld.o" "../src/helloworld.c"
arm-none-eabi-gcc: error: unrecognized argument in option '-mfloat-abi=hardstd=c99'
arm-none-eabi-gcc: note: valid arguments to '-mfloat-abi=' are: hard soft softfp
make: *** [src/helloworld.o] Error 1
20:58:40 **** Clean-only build of configuration Debug for project testbench ****
make clean 
rm -rf  ./src/helloworld.o ./src/platform.o  ./src/helloworld.d ./src/platform.d  testbench.elf.size  testbench.elf
' '
20:58:40 **** Auto Build of configuration Debug for project testbench ****
make pre-build main-build 
a9-linaro-pre-build-step
' '
'Building file: ../src/helloworld.c'
'Invoking: ARM v7 gcc compiler'
arm-none-eabi-gcc -Wall -O0 -g3 -c -fmessage-length=0 -MT"src/helloworld.o" -mcpu=cortex-a9 -mfpu=vfpv3 -mfloat-abi=hard std=c99 -I../../testbench_bsp/ps7_cortexa9_0/include -MMD -MP -MF"src/helloworld.d" -MT"src/helloworld.o" -o "src/helloworld.o" "../src/helloworld.c"
arm-none-eabi-gcc: error: std=c99: No such file or directory
make: *** [src/helloworld.o] Error 1
20:58:58 **** Clean-only build of configuration Debug for project testbench ****
make clean 
rm -rf  ./src/helloworld.o ./src/platform.o  ./src/helloworld.d ./src/platform.d  testbench.elf.size  testbench.elf
' '
20:58:58 **** Auto Build of configuration Debug for project testbench ****
make pre-build main-build 
a9-linaro-pre-build-step
' '
'Building file: ../src/helloworld.c'
'Invoking: ARM v7 gcc compiler'
arm-none-eabi-gcc -Wall -O0 -g3 -c -fmessage-length=0 -MT"src/helloworld.o" -mcpu=cortex-a9 -mfpu=vfpv3 -mfloat-abi=hard -std=c99 -I../../testbench_bsp/ps7_cortexa9_0/include -MMD -MP -MF"src/helloworld.d" -MT"src/helloworld.o" -o "src/helloworld.o" "../src/helloworld.c"
../src/helloworld.c: In function 'main':
../src/helloworld.c:166:140: warning: integer overflow in expression [-Woverflow]
   printf("Results ETA: ,%.2f, seconds (,%.2f, minutes) \n\r",(double)(n_input/(COUNTS_PER_SECOND*0.3)), (double)(n_input/(COUNTS_PER_SECOND*18)));
                                                                                                                                            ^
'Finished building: ../src/helloworld.c'
' '
'Building file: ../src/platform.c'
'Invoking: ARM v7 gcc compiler'
arm-none-eabi-gcc -Wall -O0 -g3 -c -fmessage-length=0 -MT"src/platform.o" -mcpu=cortex-a9 -mfpu=vfpv3 -mfloat-abi=hard -std=c99 -I../../testbench_bsp/ps7_cortexa9_0/include -MMD -MP -MF"src/platform.d" -MT"src/platform.o" -o "src/platform.o" "../src/platform.c"
'Finished building: ../src/platform.c'
' '
'Building target: testbench.elf'
'Invoking: ARM v7 gcc linker'
arm-none-eabi-gcc -mcpu=cortex-a9 -mfpu=vfpv3 -mfloat-abi=hard -Wl,-build-id=none -specs=Xilinx.spec -Wl,-T -Wl,../src/lscript.ld -L../../testbench_bsp/ps7_cortexa9_0/lib -o "testbench.elf"  ./src/helloworld.o ./src/platform.o   -Wl,--start-group,-lxil,-lgcc,-lc,--end-group
./src/helloworld.o: In function `chisqr':
C:\FYP_160611\FYP\FYP.sdk\testbench\Debug/../src/helloworld.c:367: undefined reference to `exp'
C:\FYP_160611\FYP\FYP.sdk\testbench\Debug/../src/helloworld.c:376: undefined reference to `expl'
./src/helloworld.o: In function `log_igf':
C:\FYP_160611\FYP\FYP.sdk\testbench\Debug/../src/helloworld.c:389: undefined reference to `logl'
C:\FYP_160611\FYP\FYP.sdk\testbench\Debug/../src/helloworld.c:389: undefined reference to `logl'
C:\FYP_160611\FYP\FYP.sdk\testbench\Debug/../src/helloworld.c:393: undefined reference to `logl'
./src/helloworld.o: In function `log_gamma':
C:\FYP_160611\FYP\FYP.sdk\testbench\Debug/../src/helloworld.c:420: undefined reference to `logl'
C:\FYP_160611\FYP\FYP.sdk\testbench\Debug/../src/helloworld.c:420: undefined reference to `logl'
C:\FYP_160611\FYP\FYP.sdk\testbench\Debug/../src/helloworld.c:430: undefined reference to `powl'
C:\FYP_160611\FYP\FYP.sdk\testbench\Debug/../src/helloworld.c:431: undefined reference to `expl'
C:\FYP_160611\FYP\FYP.sdk\testbench\Debug/../src/helloworld.c:439: undefined reference to `logl'
collect2.exe: error: ld returned 1 exit status
make: *** [testbench.elf] Error 1
20:59:49 **** Clean-only build of configuration Debug for project testbench ****
make clean 
rm -rf  ./src/helloworld.o ./src/platform.o  ./src/helloworld.d ./src/platform.d  testbench.elf.size  testbench.elf
' '
20:59:49 **** Auto Build of configuration Debug for project testbench ****
make pre-build main-build 
a9-linaro-pre-build-step
' '
'Building file: ../src/helloworld.c'
'Invoking: ARM v7 gcc compiler'
arm-none-eabi-gcc -Wall -O0 -g3 -c -fmessage-length=0 -MT"src/helloworld.o" -mcpu=cortex-a9 -mfpu=vfpv3 -mfloat-abi=hard -std=c99 -lm -I../../testbench_bsp/ps7_cortexa9_0/include -MMD -MP -MF"src/helloworld.d" -MT"src/helloworld.o" -o "src/helloworld.o" "../src/helloworld.c"
../src/helloworld.c: In function 'main':
../src/helloworld.c:166:140: warning: integer overflow in expression [-Woverflow]
   printf("Results ETA: ,%.2f, seconds (,%.2f, minutes) \n\r",(double)(n_input/(COUNTS_PER_SECOND*0.3)), (double)(n_input/(COUNTS_PER_SECOND*18)));
                                                                                                                                            ^
'Finished building: ../src/helloworld.c'
' '
'Building file: ../src/platform.c'
'Invoking: ARM v7 gcc compiler'
arm-none-eabi-gcc -Wall -O0 -g3 -c -fmessage-length=0 -MT"src/platform.o" -mcpu=cortex-a9 -mfpu=vfpv3 -mfloat-abi=hard -std=c99 -lm -I../../testbench_bsp/ps7_cortexa9_0/include -MMD -MP -MF"src/platform.d" -MT"src/platform.o" -o "src/platform.o" "../src/platform.c"
'Finished building: ../src/platform.c'
' '
'Building target: testbench.elf'
'Invoking: ARM v7 gcc linker'
arm-none-eabi-gcc -mcpu=cortex-a9 -mfpu=vfpv3 -mfloat-abi=hard -Wl,-build-id=none -specs=Xilinx.spec -Wl,-T -Wl,../src/lscript.ld -L../../testbench_bsp/ps7_cortexa9_0/lib -o "testbench.elf"  ./src/helloworld.o ./src/platform.o   -Wl,--start-group,-lxil,-lgcc,-lc,--end-group
./src/helloworld.o: In function `chisqr':
C:\FYP_160611\FYP\FYP.sdk\testbench\Debug/../src/helloworld.c:367: undefined reference to `exp'
C:\FYP_160611\FYP\FYP.sdk\testbench\Debug/../src/helloworld.c:376: undefined reference to `expl'
./src/helloworld.o: In function `log_igf':
C:\FYP_160611\FYP\FYP.sdk\testbench\Debug/../src/helloworld.c:389: undefined reference to `logl'
C:\FYP_160611\FYP\FYP.sdk\testbench\Debug/../src/helloworld.c:389: undefined reference to `logl'
C:\FYP_160611\FYP\FYP.sdk\testbench\Debug/../src/helloworld.c:393: undefined reference to `logl'
./src/helloworld.o: In function `log_gamma':
C:\FYP_160611\FYP\FYP.sdk\testbench\Debug/../src/helloworld.c:420: undefined reference to `logl'
C:\FYP_160611\FYP\FYP.sdk\testbench\Debug/../src/helloworld.c:420: undefined reference to `logl'
C:\FYP_160611\FYP\FYP.sdk\testbench\Debug/../src/helloworld.c:430: undefined reference to `powl'
C:\FYP_160611\FYP\FYP.sdk\testbench\Debug/../src/helloworld.c:431: undefined reference to `expl'
C:\FYP_160611\FYP\FYP.sdk\testbench\Debug/../src/helloworld.c:439: undefined reference to `logl'
collect2.exe: error: ld returned 1 exit status
make: *** [testbench.elf] Error 1
21:01:08 **** Clean-only build of configuration Debug for project testbench ****
make clean 
rm -rf  ./src/helloworld.o ./src/platform.o  ./src/helloworld.d ./src/platform.d  testbench.elf.size  testbench.elf
' '
21:01:09 **** Auto Build of configuration Debug for project testbench ****
make pre-build main-build 
a9-linaro-pre-build-step
' '
'Building file: ../src/helloworld.c'
'Invoking: ARM v7 gcc compiler'
arm-none-eabi-gcc -Wall -O0 -g3 -c -fmessage-length=0 -MT"src/helloworld.o" -mcpu=cortex-a9 -mfpu=vfpv3 -mfloat-abi=hard -std=gnu99 -lm -I../../testbench_bsp/ps7_cortexa9_0/include -MMD -MP -MF"src/helloworld.d" -MT"src/helloworld.o" -o "src/helloworld.o" "../src/helloworld.c"
../src/helloworld.c: In function 'main':
../src/helloworld.c:166:140: warning: integer overflow in expression [-Woverflow]
   printf("Results ETA: ,%.2f, seconds (,%.2f, minutes) \n\r",(double)(n_input/(COUNTS_PER_SECOND*0.3)), (double)(n_input/(COUNTS_PER_SECOND*18)));
                                                                                                                                            ^
'Finished building: ../src/helloworld.c'
' '
'Building file: ../src/platform.c'
'Invoking: ARM v7 gcc compiler'
arm-none-eabi-gcc -Wall -O0 -g3 -c -fmessage-length=0 -MT"src/platform.o" -mcpu=cortex-a9 -mfpu=vfpv3 -mfloat-abi=hard -std=gnu99 -lm -I../../testbench_bsp/ps7_cortexa9_0/include -MMD -MP -MF"src/platform.d" -MT"src/platform.o" -o "src/platform.o" "../src/platform.c"
'Finished building: ../src/platform.c'
' '
'Building target: testbench.elf'
'Invoking: ARM v7 gcc linker'
arm-none-eabi-gcc -mcpu=cortex-a9 -mfpu=vfpv3 -mfloat-abi=hard -Wl,-build-id=none -specs=Xilinx.spec -Wl,-T -Wl,../src/lscript.ld -L../../testbench_bsp/ps7_cortexa9_0/lib -o "testbench.elf"  ./src/helloworld.o ./src/platform.o   -Wl,--start-group,-lxil,-lgcc,-lc,--end-group
./src/helloworld.o: In function `chisqr':
C:\FYP_160611\FYP\FYP.sdk\testbench\Debug/../src/helloworld.c:367: undefined reference to `exp'
C:\FYP_160611\FYP\FYP.sdk\testbench\Debug/../src/helloworld.c:376: undefined reference to `expl'
./src/helloworld.o: In function `log_igf':
C:\FYP_160611\FYP\FYP.sdk\testbench\Debug/../src/helloworld.c:389: undefined reference to `logl'
C:\FYP_160611\FYP\FYP.sdk\testbench\Debug/../src/helloworld.c:389: undefined reference to `logl'
C:\FYP_160611\FYP\FYP.sdk\testbench\Debug/../src/helloworld.c:393: undefined reference to `logl'
./src/helloworld.o: In function `log_gamma':
C:\FYP_160611\FYP\FYP.sdk\testbench\Debug/../src/helloworld.c:420: undefined reference to `logl'
C:\FYP_160611\FYP\FYP.sdk\testbench\Debug/../src/helloworld.c:420: undefined reference to `logl'
C:\FYP_160611\FYP\FYP.sdk\testbench\Debug/../src/helloworld.c:430: undefined reference to `powl'
C:\FYP_160611\FYP\FYP.sdk\testbench\Debug/../src/helloworld.c:431: undefined reference to `expl'
C:\FYP_160611\FYP\FYP.sdk\testbench\Debug/../src/helloworld.c:439: undefined reference to `logl'
collect2.exe: error: ld returned 1 exit status
make: *** [testbench.elf] Error 1
21:01:19 **** Auto Build of configuration Debug for project testbench ****
make pre-build main-build 
a9-linaro-pre-build-step
' '
'Building file: ../src/helloworld.c'
'Invoking: ARM v7 gcc compiler'
arm-none-eabi-gcc -Wall -O0 -g3 -c -fmessage-length=0 -MT"src/helloworld.o" -mcpu=cortex-a9 -mfpu=vfpv3 -mfloat-abi=hard -std=gnu99 -lm -I../../testbench_bsp/ps7_cortexa9_0/include -MMD -MP -MF"src/helloworld.d" -MT"src/helloworld.o" -o "src/helloworld.o" "../src/helloworld.c"
../src/helloworld.c: In function 'main':
../src/helloworld.c:166:140: warning: integer overflow in expression [-Woverflow]
   printf("Results ETA: ,%.2f, seconds (,%.2f, minutes) \n\r",(double)(n_input/(COUNTS_PER_SECOND*0.3)), (double)(n_input/(COUNTS_PER_SECOND*18)));
                                                                                                                                            ^
'Finished building: ../src/helloworld.c'
' '
'Building target: testbench.elf'
'Invoking: ARM v7 gcc linker'
arm-none-eabi-gcc -mcpu=cortex-a9 -mfpu=vfpv3 -mfloat-abi=hard -Wl,-build-id=none -specs=Xilinx.spec -Wl,-T -Wl,../src/lscript.ld -L../../testbench_bsp/ps7_cortexa9_0/lib -o "testbench.elf"  ./src/helloworld.o ./src/platform.o   -Wl,--start-group,-lxil,-lgcc,-lc,--end-group
./src/helloworld.o: In function `chisqr':
C:\FYP_160611\FYP\FYP.sdk\testbench\Debug/../src/helloworld.c:367: undefined reference to `exp'
C:\FYP_160611\FYP\FYP.sdk\testbench\Debug/../src/helloworld.c:376: undefined reference to `expl'
./src/helloworld.o: In function `log_igf':
C:\FYP_160611\FYP\FYP.sdk\testbench\Debug/../src/helloworld.c:389: undefined reference to `logl'
C:\FYP_160611\FYP\FYP.sdk\testbench\Debug/../src/helloworld.c:389: undefined reference to `logl'
C:\FYP_160611\FYP\FYP.sdk\testbench\Debug/../src/helloworld.c:393: undefined reference to `logl'
./src/helloworld.o: In function `log_gamma':
C:\FYP_160611\FYP\FYP.sdk\testbench\Debug/../src/helloworld.c:420: undefined reference to `logl'
C:\FYP_160611\FYP\FYP.sdk\testbench\Debug/../src/helloworld.c:420: undefined reference to `logl'
C:\FYP_160611\FYP\FYP.sdk\testbench\Debug/../src/helloworld.c:430: undefined reference to `powl'
C:\FYP_160611\FYP\FYP.sdk\testbench\Debug/../src/helloworld.c:431: undefined reference to `expl'
C:\FYP_160611\FYP\FYP.sdk\testbench\Debug/../src/helloworld.c:439: undefined reference to `logl'
collect2.exe: error: ld returned 1 exit status
make: *** [testbench.elf] Error 1
21:02:27 **** Clean-only build of configuration Debug for project testbench ****
make clean 
rm -rf  ./src/helloworld.o ./src/platform.o  ./src/helloworld.d ./src/platform.d  testbench.elf.size  testbench.elf
' '
21:02:27 **** Auto Build of configuration Debug for project testbench ****
make pre-build main-build 
a9-linaro-pre-build-step
' '
'Building file: ../src/helloworld.c'
'Invoking: ARM v7 gcc compiler'
arm-none-eabi-gcc -Wall -O0 -g3 -c -fmessage-length=0 -MT"src/helloworld.o" -mcpu=cortex-a9 -mfpu=vfpv3 -mfloat-abi=hard -std=gnu99 -lm -I../../testbench_bsp/ps7_cortexa9_0/include -MMD -MP -MF"src/helloworld.d" -MT"src/helloworld.o" -o "src/helloworld.o" "../src/helloworld.c"
../src/helloworld.c: In function 'main':
../src/helloworld.c:166:140: warning: integer overflow in expression [-Woverflow]
   printf("Results ETA: ,%.2f, seconds (,%.2f, minutes) \n\r",(double)(n_input/(COUNTS_PER_SECOND*0.3)), (double)(n_input/(COUNTS_PER_SECOND*18)));
                                                                                                                                            ^
'Finished building: ../src/helloworld.c'
' '
'Building file: ../src/platform.c'
'Invoking: ARM v7 gcc compiler'
arm-none-eabi-gcc -Wall -O0 -g3 -c -fmessage-length=0 -MT"src/platform.o" -mcpu=cortex-a9 -mfpu=vfpv3 -mfloat-abi=hard -std=gnu99 -lm -I../../testbench_bsp/ps7_cortexa9_0/include -MMD -MP -MF"src/platform.d" -MT"src/platform.o" -o "src/platform.o" "../src/platform.c"
'Finished building: ../src/platform.c'
' '
'Building target: testbench.elf'
'Invoking: ARM v7 gcc linker'
arm-none-eabi-gcc -mcpu=cortex-a9 -mfpu=vfpv3 -mfloat-abi=hard -Wl,-build-id=none -specs=Xilinx.spec -m -Wl,-T -Wl,../src/lscript.ld -L../../testbench_bsp/ps7_cortexa9_0/lib -o "testbench.elf"  ./src/helloworld.o ./src/platform.o   -Wl,--start-group,-lxil,-lgcc,-lc,--end-group
arm-none-eabi-gcc: error: unrecognized command line option '-m'
make: *** [testbench.elf] Error 1
21:02:49 **** Clean-only build of configuration Debug for project testbench ****
make clean 
rm -rf  ./src/helloworld.o ./src/platform.o  ./src/helloworld.d ./src/platform.d  testbench.elf.size  testbench.elf
' '
21:02:49 **** Auto Build of configuration Debug for project testbench ****
make pre-build main-build 
a9-linaro-pre-build-step
' '
'Building file: ../src/helloworld.c'
'Invoking: ARM v7 gcc compiler'
arm-none-eabi-gcc -Wall -O0 -g3 -c -fmessage-length=0 -MT"src/helloworld.o" -mcpu=cortex-a9 -mfpu=vfpv3 -mfloat-abi=hard -std=gnu99 -lm -I../../testbench_bsp/ps7_cortexa9_0/include -MMD -MP -MF"src/helloworld.d" -MT"src/helloworld.o" -o "src/helloworld.o" "../src/helloworld.c"
../src/helloworld.c: In function 'main':
../src/helloworld.c:166:140: warning: integer overflow in expression [-Woverflow]
   printf("Results ETA: ,%.2f, seconds (,%.2f, minutes) \n\r",(double)(n_input/(COUNTS_PER_SECOND*0.3)), (double)(n_input/(COUNTS_PER_SECOND*18)));
                                                                                                                                            ^
'Finished building: ../src/helloworld.c'
' '
'Building file: ../src/platform.c'
'Invoking: ARM v7 gcc compiler'
arm-none-eabi-gcc -Wall -O0 -g3 -c -fmessage-length=0 -MT"src/platform.o" -mcpu=cortex-a9 -mfpu=vfpv3 -mfloat-abi=hard -std=gnu99 -lm -I../../testbench_bsp/ps7_cortexa9_0/include -MMD -MP -MF"src/platform.d" -MT"src/platform.o" -o "src/platform.o" "../src/platform.c"
'Finished building: ../src/platform.c'
' '
'Building target: testbench.elf'
'Invoking: ARM v7 gcc linker'
arm-none-eabi-gcc -mcpu=cortex-a9 -mfpu=vfpv3 -mfloat-abi=hard -Wl,-build-id=none -specs=Xilinx.spec -Wl,-T -Wl,../src/lscript.ld -L../../testbench_bsp/ps7_cortexa9_0/lib -o "testbench.elf"  ./src/helloworld.o ./src/platform.o   -lm -Wl,--start-group,-lxil,-lgcc,-lc,--end-group
'Finished building target: testbench.elf'
' '
'Invoking: ARM v7 Print Size'
arm-none-eabi-size testbench.elf  |tee "testbench.elf.size"
   text	   data	    bss	    dec	    hex	filename
  98392	   2628	  27560	 128580	  1f644	testbench.elf
'Finished building: testbench.elf.size'
' '
21:02:56 **** Incremental Build of configuration Debug for project testbench ****
make pre-build main-build 
a9-linaro-pre-build-step
' '
make: Nothing to be done for `main-build'.
21:03:30 **** Incremental Build of configuration Debug for project testbench ****
make pre-build main-build 
a9-linaro-pre-build-step
' '
make: Nothing to be done for `main-build'.
21:03:47 **** Auto Build of configuration Debug for project testbench ****
make pre-build main-build 
a9-linaro-pre-build-step
' '
'Building file: ../src/helloworld.c'
'Invoking: ARM v7 gcc compiler'
arm-none-eabi-gcc -Wall -O0 -g3 -c -fmessage-length=0 -MT"src/helloworld.o" -mcpu=cortex-a9 -mfpu=vfpv3 -mfloat-abi=hard -std=gnu99 -lm -I../../testbench_bsp/ps7_cortexa9_0/include -MMD -MP -MF"src/helloworld.d" -MT"src/helloworld.o" -o "src/helloworld.o" "../src/helloworld.c"
../src/helloworld.c: In function 'main':
../src/helloworld.c:166:140: warning: integer overflow in expression [-Woverflow]
   printf("Results ETA: ,%.2f, seconds (,%.2f, minutes) \n\r",(double)(n_input/(COUNTS_PER_SECOND*0.3)), (double)(n_input/(COUNTS_PER_SECOND*18)));
                                                                                                                                            ^
'Finished building: ../src/helloworld.c'
' '
'Building target: testbench.elf'
'Invoking: ARM v7 gcc linker'
arm-none-eabi-gcc -mcpu=cortex-a9 -mfpu=vfpv3 -mfloat-abi=hard -Wl,-build-id=none -specs=Xilinx.spec -Wl,-T -Wl,../src/lscript.ld -L../../testbench_bsp/ps7_cortexa9_0/lib -o "testbench.elf"  ./src/helloworld.o ./src/platform.o   -lm -Wl,--start-group,-lxil,-lgcc,-lc,--end-group
'Finished building target: testbench.elf'
' '
'Invoking: ARM v7 Print Size'
arm-none-eabi-size testbench.elf  |tee "testbench.elf.size"
   text	   data	    bss	    dec	    hex	filename
  98392	   2628	  27560	 128580	  1f644	testbench.elf
'Finished building: testbench.elf.size'
' '
21:03:50 **** Incremental Build of configuration Debug for project testbench ****
make pre-build main-build 
a9-linaro-pre-build-step
' '
make: Nothing to be done for `main-build'.
21:04:11 **** Auto Build of configuration Debug for project testbench ****
make pre-build main-build 
a9-linaro-pre-build-step
' '
'Building file: ../src/helloworld.c'
'Invoking: ARM v7 gcc compiler'
arm-none-eabi-gcc -Wall -O0 -g3 -c -fmessage-length=0 -MT"src/helloworld.o" -mcpu=cortex-a9 -mfpu=vfpv3 -mfloat-abi=hard -std=gnu99 -lm -I../../testbench_bsp/ps7_cortexa9_0/include -MMD -MP -MF"src/helloworld.d" -MT"src/helloworld.o" -o "src/helloworld.o" "../src/helloworld.c"
../src/helloworld.c: In function 'main':
../src/helloworld.c:166:140: warning: integer overflow in expression [-Woverflow]
   printf("Results ETA: ,%.2f, seconds (,%.2f, minutes) \n\r",(double)(n_input/(COUNTS_PER_SECOND*0.3)), (double)(n_input/(COUNTS_PER_SECOND*18)));
                                                                                                                                            ^
'Finished building: ../src/helloworld.c'
' '
'Building target: testbench.elf'
'Invoking: ARM v7 gcc linker'
arm-none-eabi-gcc -mcpu=cortex-a9 -mfpu=vfpv3 -mfloat-abi=hard -Wl,-build-id=none -specs=Xilinx.spec -Wl,-T -Wl,../src/lscript.ld -L../../testbench_bsp/ps7_cortexa9_0/lib -o "testbench.elf"  ./src/helloworld.o ./src/platform.o   -lm -Wl,--start-group,-lxil,-lgcc,-lc,--end-group
'Finished building target: testbench.elf'
' '
'Invoking: ARM v7 Print Size'
arm-none-eabi-size testbench.elf  |tee "testbench.elf.size"
   text	   data	    bss	    dec	    hex	filename
  98392	   2628	  27560	 128580	  1f644	testbench.elf
'Finished building: testbench.elf.size'
' '
21:04:16 **** Incremental Build of configuration Debug for project testbench ****
make pre-build main-build 
a9-linaro-pre-build-step
' '
make: Nothing to be done for `main-build'.
21:05:25 **** Auto Build of configuration Debug for project testbench ****
make pre-build main-build 
a9-linaro-pre-build-step
' '
'Building file: ../src/helloworld.c'
'Invoking: ARM v7 gcc compiler'
arm-none-eabi-gcc -Wall -O0 -g3 -c -fmessage-length=0 -MT"src/helloworld.o" -mcpu=cortex-a9 -mfpu=vfpv3 -mfloat-abi=hard -std=gnu99 -lm -I../../testbench_bsp/ps7_cortexa9_0/include -MMD -MP -MF"src/helloworld.d" -MT"src/helloworld.o" -o "src/helloworld.o" "../src/helloworld.c"
../src/helloworld.c: In function 'main':
../src/helloworld.c:166:140: warning: integer overflow in expression [-Woverflow]
   printf("Results ETA: ,%.2f, seconds (,%.2f, minutes) \n\r",(double)(n_input/(COUNTS_PER_SECOND*0.3)), (double)(n_input/(COUNTS_PER_SECOND*18)));
                                                                                                                                            ^
'Finished building: ../src/helloworld.c'
' '
'Building target: testbench.elf'
'Invoking: ARM v7 gcc linker'
arm-none-eabi-gcc -mcpu=cortex-a9 -mfpu=vfpv3 -mfloat-abi=hard -Wl,-build-id=none -specs=Xilinx.spec -Wl,-T -Wl,../src/lscript.ld -L../../testbench_bsp/ps7_cortexa9_0/lib -o "testbench.elf"  ./src/helloworld.o ./src/platform.o   -lm -Wl,--start-group,-lxil,-lgcc,-lc,--end-group
'Finished building target: testbench.elf'
' '
'Invoking: ARM v7 Print Size'
arm-none-eabi-size testbench.elf  |tee "testbench.elf.size"
   text	   data	    bss	    dec	    hex	filename
  98392	   2628	  27560	 128580	  1f644	testbench.elf
'Finished building: testbench.elf.size'
' '
21:05:31 **** Incremental Build of configuration Debug for project testbench ****
make pre-build main-build 
a9-linaro-pre-build-step
' '
make: Nothing to be done for `main-build'.
21:20:00 **** Incremental Build of configuration Debug for project testbench ****
make pre-build main-build 
a9-linaro-pre-build-step
' '
make: Nothing to be done for `main-build'.
21:21:23 **** Incremental Build of configuration Debug for project testbench ****
make pre-build main-build 
a9-linaro-pre-build-step
' '
make: Nothing to be done for `main-build'.
21:22:31 **** Incremental Build of configuration Debug for project testbench ****
make pre-build main-build 
a9-linaro-pre-build-step
' '
make: Nothing to be done for `main-build'.
21:34:48 **** Auto Build of configuration Debug for project testbench ****
make pre-build main-build 
a9-linaro-pre-build-step
' '
'Building file: ../src/helloworld.c'
'Invoking: ARM v7 gcc compiler'
arm-none-eabi-gcc -Wall -O0 -g3 -c -fmessage-length=0 -MT"src/helloworld.o" -mcpu=cortex-a9 -mfpu=vfpv3 -mfloat-abi=hard -std=gnu99 -lm -I../../testbench_bsp/ps7_cortexa9_0/include -MMD -MP -MF"src/helloworld.d" -MT"src/helloworld.o" -o "src/helloworld.o" "../src/helloworld.c"
../src/helloworld.c: In function 'main':
../src/helloworld.c:166:140: warning: integer overflow in expression [-Woverflow]
   printf("Results ETA: ,%.2f, seconds (,%.2f, minutes) \n\r",(double)(n_input/(COUNTS_PER_SECOND*0.3)), (double)(n_input/(COUNTS_PER_SECOND*18)));
                                                                                                                                            ^
'Finished building: ../src/helloworld.c'
' '
'Building target: testbench.elf'
'Invoking: ARM v7 gcc linker'
arm-none-eabi-gcc -mcpu=cortex-a9 -mfpu=vfpv3 -mfloat-abi=hard -Wl,-build-id=none -specs=Xilinx.spec -Wl,-T -Wl,../src/lscript.ld -L../../testbench_bsp/ps7_cortexa9_0/lib -o "testbench.elf"  ./src/helloworld.o ./src/platform.o   -lm -Wl,--start-group,-lxil,-lgcc,-lc,--end-group
'Finished building target: testbench.elf'
' '
'Invoking: ARM v7 Print Size'
arm-none-eabi-size testbench.elf  |tee "testbench.elf.size"
   text	   data	    bss	    dec	    hex	filename
  98392	   2628	  27560	 128580	  1f644	testbench.elf
'Finished building: testbench.elf.size'
' '
21:34:53 **** Incremental Build of configuration Debug for project testbench ****
make pre-build main-build 
a9-linaro-pre-build-step
' '
make: Nothing to be done for `main-build'.
21:36:04 **** Incremental Build of configuration Debug for project testbench ****
make pre-build main-build 
a9-linaro-pre-build-step
' '
make: Nothing to be done for `main-build'.
21:37:20 **** Incremental Build of configuration Debug for project testbench ****
make pre-build main-build 
a9-linaro-pre-build-step
' '
make: Nothing to be done for `main-build'.
21:38:49 **** Incremental Build of configuration Debug for project testbench ****
make pre-build main-build 
a9-linaro-pre-build-step
' '
make: Nothing to be done for `main-build'.
21:42:50 **** Auto Build of configuration Debug for project testbench ****
make pre-build main-build 
a9-linaro-pre-build-step
' '
'Building file: ../src/helloworld.c'
'Invoking: ARM v7 gcc compiler'
arm-none-eabi-gcc -Wall -O0 -g3 -c -fmessage-length=0 -MT"src/helloworld.o" -mcpu=cortex-a9 -mfpu=vfpv3 -mfloat-abi=hard -std=gnu99 -lm -I../../testbench_bsp/ps7_cortexa9_0/include -MMD -MP -MF"src/helloworld.d" -MT"src/helloworld.o" -o "src/helloworld.o" "../src/helloworld.c"
../src/helloworld.c: In function 'main':
../src/helloworld.c:166:140: warning: integer overflow in expression [-Woverflow]
   printf("Results ETA: ,%.2f, seconds (,%.2f, minutes) \n\r",(double)(n_input/(COUNTS_PER_SECOND*0.3)), (double)(n_input/(COUNTS_PER_SECOND*18)));
                                                                                                                                            ^
'Finished building: ../src/helloworld.c'
' '
'Building target: testbench.elf'
'Invoking: ARM v7 gcc linker'
arm-none-eabi-gcc -mcpu=cortex-a9 -mfpu=vfpv3 -mfloat-abi=hard -Wl,-build-id=none -specs=Xilinx.spec -Wl,-T -Wl,../src/lscript.ld -L../../testbench_bsp/ps7_cortexa9_0/lib -o "testbench.elf"  ./src/helloworld.o ./src/platform.o   -lm -Wl,--start-group,-lxil,-lgcc,-lc,--end-group
'Finished building target: testbench.elf'
' '
'Invoking: ARM v7 Print Size'
arm-none-eabi-size testbench.elf  |tee "testbench.elf.size"
   text	   data	    bss	    dec	    hex	filename
  98168	   2628	  27560	 128356	  1f564	testbench.elf
'Finished building: testbench.elf.size'
' '
21:42:55 **** Incremental Build of configuration Debug for project testbench ****
make pre-build main-build 
a9-linaro-pre-build-step
' '
make: Nothing to be done for `main-build'.
21:44:39 **** Auto Build of configuration Debug for project testbench ****
make pre-build main-build 
a9-linaro-pre-build-step
' '
'Building file: ../src/helloworld.c'
'Invoking: ARM v7 gcc compiler'
arm-none-eabi-gcc -Wall -O0 -g3 -c -fmessage-length=0 -MT"src/helloworld.o" -mcpu=cortex-a9 -mfpu=vfpv3 -mfloat-abi=hard -std=gnu99 -lm -I../../testbench_bsp/ps7_cortexa9_0/include -MMD -MP -MF"src/helloworld.d" -MT"src/helloworld.o" -o "src/helloworld.o" "../src/helloworld.c"
../src/helloworld.c: In function 'main':
../src/helloworld.c:163:140: warning: integer overflow in expression [-Woverflow]
   printf("Results ETA: ,%.2f, seconds (,%.2f, minutes) \n\r",(double)(n_input/(COUNTS_PER_SECOND*0.3)), (double)(n_input/(COUNTS_PER_SECOND*18)));
                                                                                                                                            ^
../src/helloworld.c:277:36: error: 'serial_two_cached' undeclared (first use in this function)
   serial_two_decompressed[i+i/3] = serial_two_cached[i];
                                    ^
../src/helloworld.c:277:36: note: each undeclared identifier is reported only once for each function it appears in
../src/helloworld.c:288:44: error: 'serial_three_cached' undeclared (first use in this function)
   serial_three_decompressed[i + (i / 7)] = serial_three_cached[i];
                                            ^
../src/helloworld.c:307:17: error: 'freq_cached' undeclared (first use in this function)
   printf("%f,", freq_cached[i]);
                 ^
../src/helloworld.c:312:3: warning: format '%f' expects argument of type 'double', but argument 2 has type 'long unsigned int' [-Wformat=]
   printf("%f,", serial_two_decompressed[i]);
   ^
../src/helloworld.c:312:3: warning: format '%f' expects argument of type 'double', but argument 2 has type 'long unsigned int' [-Wformat=]
../src/helloworld.c:317:3: warning: format '%f' expects argument of type 'double', but argument 2 has type 'long unsigned int' [-Wformat=]
   printf("%f,", serial_three_decompressed[i]);
   ^
../src/helloworld.c:317:3: warning: format '%f' expects argument of type 'double', but argument 2 has type 'long unsigned int' [-Wformat=]
make: *** [src/helloworld.o] Error 1
21:46:10 **** Auto Build of configuration Debug for project testbench ****
make pre-build main-build 
a9-linaro-pre-build-step
' '
'Building file: ../src/helloworld.c'
'Invoking: ARM v7 gcc compiler'
arm-none-eabi-gcc -Wall -O0 -g3 -c -fmessage-length=0 -MT"src/helloworld.o" -mcpu=cortex-a9 -mfpu=vfpv3 -mfloat-abi=hard -std=gnu99 -lm -I../../testbench_bsp/ps7_cortexa9_0/include -MMD -MP -MF"src/helloworld.d" -MT"src/helloworld.o" -o "src/helloworld.o" "../src/helloworld.c"
../src/helloworld.c: In function 'main':
../src/helloworld.c:163:140: warning: integer overflow in expression [-Woverflow]
   printf("Results ETA: ,%.2f, seconds (,%.2f, minutes) \n\r",(double)(n_input/(COUNTS_PER_SECOND*0.3)), (double)(n_input/(COUNTS_PER_SECOND*18)));
                                                                                                                                            ^
../src/helloworld.c:277:77: error: expected ';' before ')' token
   serial_two_decompressed[i+i/3] = (unsigned long int) *(intDataAddress + i));
                                                                             ^
../src/helloworld.c:277:77: error: expected statement before ')' token
../src/helloworld.c:288:44: error: 'serial_three_cached' undeclared (first use in this function)
   serial_three_decompressed[i + (i / 7)] = serial_three_cached[i];
                                            ^
../src/helloworld.c:288:44: note: each undeclared identifier is reported only once for each function it appears in
../src/helloworld.c:307:17: error: 'freq_cached' undeclared (first use in this function)
   printf("%f,", freq_cached[i]);
                 ^
../src/helloworld.c:312:3: warning: format '%f' expects argument of type 'double', but argument 2 has type 'long unsigned int' [-Wformat=]
   printf("%f,", serial_two_decompressed[i]);
   ^
../src/helloworld.c:312:3: warning: format '%f' expects argument of type 'double', but argument 2 has type 'long unsigned int' [-Wformat=]
../src/helloworld.c:317:3: warning: format '%f' expects argument of type 'double', but argument 2 has type 'long unsigned int' [-Wformat=]
   printf("%f,", serial_three_decompressed[i]);
   ^
../src/helloworld.c:317:3: warning: format '%f' expects argument of type 'double', but argument 2 has type 'long unsigned int' [-Wformat=]
make: *** [src/helloworld.o] Error 1
21:46:18 **** Auto Build of configuration Debug for project testbench ****
make pre-build main-build 
a9-linaro-pre-build-step
' '
'Building file: ../src/helloworld.c'
'Invoking: ARM v7 gcc compiler'
arm-none-eabi-gcc -Wall -O0 -g3 -c -fmessage-length=0 -MT"src/helloworld.o" -mcpu=cortex-a9 -mfpu=vfpv3 -mfloat-abi=hard -std=gnu99 -lm -I../../testbench_bsp/ps7_cortexa9_0/include -MMD -MP -MF"src/helloworld.d" -MT"src/helloworld.o" -o "src/helloworld.o" "../src/helloworld.c"
../src/helloworld.c: In function 'main':
../src/helloworld.c:163:140: warning: integer overflow in expression [-Woverflow]
   printf("Results ETA: ,%.2f, seconds (,%.2f, minutes) \n\r",(double)(n_input/(COUNTS_PER_SECOND*0.3)), (double)(n_input/(COUNTS_PER_SECOND*18)));
                                                                                                                                            ^
../src/helloworld.c:288:44: error: 'serial_three_cached' undeclared (first use in this function)
   serial_three_decompressed[i + (i / 7)] = serial_three_cached[i];
                                            ^
../src/helloworld.c:288:44: note: each undeclared identifier is reported only once for each function it appears in
../src/helloworld.c:307:17: error: 'freq_cached' undeclared (first use in this function)
   printf("%f,", freq_cached[i]);
                 ^
../src/helloworld.c:312:3: warning: format '%f' expects argument of type 'double', but argument 2 has type 'long unsigned int' [-Wformat=]
   printf("%f,", serial_two_decompressed[i]);
   ^
../src/helloworld.c:312:3: warning: format '%f' expects argument of type 'double', but argument 2 has type 'long unsigned int' [-Wformat=]
../src/helloworld.c:317:3: warning: format '%f' expects argument of type 'double', but argument 2 has type 'long unsigned int' [-Wformat=]
   printf("%f,", serial_three_decompressed[i]);
   ^
../src/helloworld.c:317:3: warning: format '%f' expects argument of type 'double', but argument 2 has type 'long unsigned int' [-Wformat=]
make: *** [src/helloworld.o] Error 1
21:46:28 **** Auto Build of configuration Debug for project testbench ****
make pre-build main-build 
a9-linaro-pre-build-step
' '
'Building file: ../src/helloworld.c'
'Invoking: ARM v7 gcc compiler'
arm-none-eabi-gcc -Wall -O0 -g3 -c -fmessage-length=0 -MT"src/helloworld.o" -mcpu=cortex-a9 -mfpu=vfpv3 -mfloat-abi=hard -std=gnu99 -lm -I../../testbench_bsp/ps7_cortexa9_0/include -MMD -MP -MF"src/helloworld.d" -MT"src/helloworld.o" -o "src/helloworld.o" "../src/helloworld.c"
../src/helloworld.c: In function 'main':
../src/helloworld.c:163:140: warning: integer overflow in expression [-Woverflow]
   printf("Results ETA: ,%.2f, seconds (,%.2f, minutes) \n\r",(double)(n_input/(COUNTS_PER_SECOND*0.3)), (double)(n_input/(COUNTS_PER_SECOND*18)));
                                                                                                                                            ^
../src/helloworld.c:288:44: error: 'serial_three_cached' undeclared (first use in this function)
   serial_three_decompressed[i + (i / 7)] = serial_three_cached[i];
                                            ^
../src/helloworld.c:288:44: note: each undeclared identifier is reported only once for each function it appears in
../src/helloworld.c:307:17: error: 'freq_cached' undeclared (first use in this function)
   printf("%f,", freq_cached[i]);
                 ^
../src/helloworld.c:312:3: warning: format '%f' expects argument of type 'double', but argument 2 has type 'long unsigned int' [-Wformat=]
   printf("%f,", serial_two_decompressed[i]);
   ^
../src/helloworld.c:312:3: warning: format '%f' expects argument of type 'double', but argument 2 has type 'long unsigned int' [-Wformat=]
../src/helloworld.c:317:3: warning: format '%f' expects argument of type 'double', but argument 2 has type 'long unsigned int' [-Wformat=]
   printf("%f,", serial_three_decompressed[i]);
   ^
../src/helloworld.c:317:3: warning: format '%f' expects argument of type 'double', but argument 2 has type 'long unsigned int' [-Wformat=]
make: *** [src/helloworld.o] Error 1
21:46:38 **** Auto Build of configuration Debug for project testbench ****
make pre-build main-build 
a9-linaro-pre-build-step
' '
'Building file: ../src/helloworld.c'
'Invoking: ARM v7 gcc compiler'
arm-none-eabi-gcc -Wall -O0 -g3 -c -fmessage-length=0 -MT"src/helloworld.o" -mcpu=cortex-a9 -mfpu=vfpv3 -mfloat-abi=hard -std=gnu99 -lm -I../../testbench_bsp/ps7_cortexa9_0/include -MMD -MP -MF"src/helloworld.d" -MT"src/helloworld.o" -o "src/helloworld.o" "../src/helloworld.c"
../src/helloworld.c: In function 'main':
../src/helloworld.c:163:140: warning: integer overflow in expression [-Woverflow]
   printf("Results ETA: ,%.2f, seconds (,%.2f, minutes) \n\r",(double)(n_input/(COUNTS_PER_SECOND*0.3)), (double)(n_input/(COUNTS_PER_SECOND*18)));
                                                                                                                                            ^
../src/helloworld.c:307:17: error: 'freq_cached' undeclared (first use in this function)
   printf("%f,", freq_cached[i]);
                 ^
../src/helloworld.c:307:17: note: each undeclared identifier is reported only once for each function it appears in
../src/helloworld.c:312:3: warning: format '%f' expects argument of type 'double', but argument 2 has type 'long unsigned int' [-Wformat=]
   printf("%f,", serial_two_decompressed[i]);
   ^
../src/helloworld.c:312:3: warning: format '%f' expects argument of type 'double', but argument 2 has type 'long unsigned int' [-Wformat=]
../src/helloworld.c:317:3: warning: format '%f' expects argument of type 'double', but argument 2 has type 'long unsigned int' [-Wformat=]
   printf("%f,", serial_three_decompressed[i]);
   ^
../src/helloworld.c:317:3: warning: format '%f' expects argument of type 'double', but argument 2 has type 'long unsigned int' [-Wformat=]
make: *** [src/helloworld.o] Error 1
21:47:12 **** Auto Build of configuration Debug for project testbench ****
make pre-build main-build 
a9-linaro-pre-build-step
' '
'Building file: ../src/helloworld.c'
'Invoking: ARM v7 gcc compiler'
arm-none-eabi-gcc -Wall -O0 -g3 -c -fmessage-length=0 -MT"src/helloworld.o" -mcpu=cortex-a9 -mfpu=vfpv3 -mfloat-abi=hard -std=gnu99 -lm -I../../testbench_bsp/ps7_cortexa9_0/include -MMD -MP -MF"src/helloworld.d" -MT"src/helloworld.o" -o "src/helloworld.o" "../src/helloworld.c"
../src/helloworld.c: In function 'main':
../src/helloworld.c:163:140: warning: integer overflow in expression [-Woverflow]
   printf("Results ETA: ,%.2f, seconds (,%.2f, minutes) \n\r",(double)(n_input/(COUNTS_PER_SECOND*0.3)), (double)(n_input/(COUNTS_PER_SECOND*18)));
                                                                                                                                            ^
../src/helloworld.c:317:3: warning: format '%f' expects argument of type 'double', but argument 2 has type 'long unsigned int' [-Wformat=]
   printf("%f,", serial_three_decompressed[i]);
   ^
../src/helloworld.c:317:3: warning: format '%f' expects argument of type 'double', but argument 2 has type 'long unsigned int' [-Wformat=]
../src/helloworld.c:326:15: error: 'freq_cached' undeclared (first use in this function)
   Y_freq += ((freq_cached[i]-expected_freq)*(freq_cached[i]-expected_freq))/expected_freq;
               ^
../src/helloworld.c:326:15: note: each undeclared identifier is reported only once for each function it appears in
make: *** [src/helloworld.o] Error 1
21:47:19 **** Auto Build of configuration Debug for project testbench ****
make pre-build main-build 
a9-linaro-pre-build-step
' '
'Building file: ../src/helloworld.c'
'Invoking: ARM v7 gcc compiler'
arm-none-eabi-gcc -Wall -O0 -g3 -c -fmessage-length=0 -MT"src/helloworld.o" -mcpu=cortex-a9 -mfpu=vfpv3 -mfloat-abi=hard -std=gnu99 -lm -I../../testbench_bsp/ps7_cortexa9_0/include -MMD -MP -MF"src/helloworld.d" -MT"src/helloworld.o" -o "src/helloworld.o" "../src/helloworld.c"
../src/helloworld.c: In function 'main':
../src/helloworld.c:163:140: warning: integer overflow in expression [-Woverflow]
   printf("Results ETA: ,%.2f, seconds (,%.2f, minutes) \n\r",(double)(n_input/(COUNTS_PER_SECOND*0.3)), (double)(n_input/(COUNTS_PER_SECOND*18)));
                                                                                                                                            ^
../src/helloworld.c:326:15: error: 'freq_cached' undeclared (first use in this function)
   Y_freq += ((freq_cached[i]-expected_freq)*(freq_cached[i]-expected_freq))/expected_freq;
               ^
../src/helloworld.c:326:15: note: each undeclared identifier is reported only once for each function it appears in
make: *** [src/helloworld.o] Error 1
21:47:46 **** Auto Build of configuration Debug for project testbench ****
make pre-build main-build 
a9-linaro-pre-build-step
' '
'Building file: ../src/helloworld.c'
'Invoking: ARM v7 gcc compiler'
arm-none-eabi-gcc -Wall -O0 -g3 -c -fmessage-length=0 -MT"src/helloworld.o" -mcpu=cortex-a9 -mfpu=vfpv3 -mfloat-abi=hard -std=gnu99 -lm -I../../testbench_bsp/ps7_cortexa9_0/include -MMD -MP -MF"src/helloworld.d" -MT"src/helloworld.o" -o "src/helloworld.o" "../src/helloworld.c"
../src/helloworld.c: In function 'main':
../src/helloworld.c:163:140: warning: integer overflow in expression [-Woverflow]
   printf("Results ETA: ,%.2f, seconds (,%.2f, minutes) \n\r",(double)(n_input/(COUNTS_PER_SECOND*0.3)), (double)(n_input/(COUNTS_PER_SECOND*18)));
                                                                                                                                            ^
../src/helloworld.c:326:130: error: expected ';' before ')' token
   Y_freq += (((unsigned long int) *(intDataAddress + i))-expected_freq)*((unsigned long int) *(intDataAddress + i))-expected_freq))/expected_freq;
                                                                                                                                  ^
../src/helloworld.c:326:130: error: expected statement before ')' token
../src/helloworld.c:326:131: error: expected statement before ')' token
   Y_freq += (((unsigned long int) *(intDataAddress + i))-expected_freq)*((unsigned long int) *(intDataAddress + i))-expected_freq))/expected_freq;
                                                                                                                                   ^
../src/helloworld.c:326:132: error: expected expression before '/' token
   Y_freq += (((unsigned long int) *(intDataAddress + i))-expected_freq)*((unsigned long int) *(intDataAddress + i))-expected_freq))/expected_freq;
                                                                                                                                    ^
make: *** [src/helloworld.o] Error 1
21:47:51 **** Auto Build of configuration Debug for project testbench ****
make pre-build main-build 
a9-linaro-pre-build-step
' '
'Building file: ../src/helloworld.c'
'Invoking: ARM v7 gcc compiler'
arm-none-eabi-gcc -Wall -O0 -g3 -c -fmessage-length=0 -MT"src/helloworld.o" -mcpu=cortex-a9 -mfpu=vfpv3 -mfloat-abi=hard -std=gnu99 -lm -I../../testbench_bsp/ps7_cortexa9_0/include -MMD -MP -MF"src/helloworld.d" -MT"src/helloworld.o" -o "src/helloworld.o" "../src/helloworld.c"
../src/helloworld.c: In function 'main':
../src/helloworld.c:163:140: warning: integer overflow in expression [-Woverflow]
   printf("Results ETA: ,%.2f, seconds (,%.2f, minutes) \n\r",(double)(n_input/(COUNTS_PER_SECOND*0.3)), (double)(n_input/(COUNTS_PER_SECOND*18)));
                                                                                                                                            ^
../src/helloworld.c:326:70: error: expected ';' before ')' token
   Y_freq += ((unsigned long int) *(intDataAddress + i))-expected_freq)*((unsigned long int) *(intDataAddress + i))-expected_freq))/expected_freq;
                                                                      ^
../src/helloworld.c:326:70: error: expected statement before ')' token
../src/helloworld.c:326:71: error: invalid type argument of unary '*' (have 'long unsigned int')
   Y_freq += ((unsigned long int) *(intDataAddress + i))-expected_freq)*((unsigned long int) *(intDataAddress + i))-expected_freq))/expected_freq;
                                                                       ^
../src/helloworld.c:326:129: error: expected ';' before ')' token
   Y_freq += ((unsigned long int) *(intDataAddress + i))-expected_freq)*((unsigned long int) *(intDataAddress + i))-expected_freq))/expected_freq;
                                                                                                                                 ^
../src/helloworld.c:326:129: error: expected statement before ')' token
../src/helloworld.c:326:130: error: expected statement before ')' token
   Y_freq += ((unsigned long int) *(intDataAddress + i))-expected_freq)*((unsigned long int) *(intDataAddress + i))-expected_freq))/expected_freq;
                                                                                                                                  ^
../src/helloworld.c:326:131: error: expected expression before '/' token
   Y_freq += ((unsigned long int) *(intDataAddress + i))-expected_freq)*((unsigned long int) *(intDataAddress + i))-expected_freq))/expected_freq;
                                                                                                                                   ^
make: *** [src/helloworld.o] Error 1
21:48:09 **** Auto Build of configuration Debug for project testbench ****
make pre-build main-build 
a9-linaro-pre-build-step
' '
'Building file: ../src/helloworld.c'
'Invoking: ARM v7 gcc compiler'
arm-none-eabi-gcc -Wall -O0 -g3 -c -fmessage-length=0 -MT"src/helloworld.o" -mcpu=cortex-a9 -mfpu=vfpv3 -mfloat-abi=hard -std=gnu99 -lm -I../../testbench_bsp/ps7_cortexa9_0/include -MMD -MP -MF"src/helloworld.d" -MT"src/helloworld.o" -o "src/helloworld.o" "../src/helloworld.c"
../src/helloworld.c: In function 'main':
../src/helloworld.c:163:140: warning: integer overflow in expression [-Woverflow]
   printf("Results ETA: ,%.2f, seconds (,%.2f, minutes) \n\r",(double)(n_input/(COUNTS_PER_SECOND*0.3)), (double)(n_input/(COUNTS_PER_SECOND*18)));
                                                                                                                                            ^
'Finished building: ../src/helloworld.c'
' '
'Building target: testbench.elf'
'Invoking: ARM v7 gcc linker'
arm-none-eabi-gcc -mcpu=cortex-a9 -mfpu=vfpv3 -mfloat-abi=hard -Wl,-build-id=none -specs=Xilinx.spec -Wl,-T -Wl,../src/lscript.ld -L../../testbench_bsp/ps7_cortexa9_0/lib -o "testbench.elf"  ./src/helloworld.o ./src/platform.o   -lm -Wl,--start-group,-lxil,-lgcc,-lc,--end-group
'Finished building target: testbench.elf'
' '
'Invoking: ARM v7 Print Size'
arm-none-eabi-size testbench.elf  |tee "testbench.elf.size"
   text	   data	    bss	    dec	    hex	filename
  98240	   2628	  24616	 125484	  1ea2c	testbench.elf
'Finished building: testbench.elf.size'
' '
21:48:19 **** Incremental Build of configuration Debug for project testbench ****
make pre-build main-build 
a9-linaro-pre-build-step
' '
make: Nothing to be done for `main-build'.
21:51:13 **** Auto Build of configuration Debug for project testbench ****
make pre-build main-build 
a9-linaro-pre-build-step
' '
'Building file: ../src/helloworld.c'
'Invoking: ARM v7 gcc compiler'
arm-none-eabi-gcc -Wall -O0 -g3 -c -fmessage-length=0 -MT"src/helloworld.o" -mcpu=cortex-a9 -mfpu=vfpv3 -mfloat-abi=hard -std=gnu99 -lm -I../../testbench_bsp/ps7_cortexa9_0/include -MMD -MP -MF"src/helloworld.d" -MT"src/helloworld.o" -o "src/helloworld.o" "../src/helloworld.c"
../src/helloworld.c: In function 'main':
../src/helloworld.c:164:140: warning: integer overflow in expression [-Woverflow]
   printf("Results ETA: ,%.2f, seconds (,%.2f, minutes) \n\r",(double)(n_input/(COUNTS_PER_SECOND*0.3)), (double)(n_input/(COUNTS_PER_SECOND*18)));
                                                                                                                                            ^
'Finished building: ../src/helloworld.c'
' '
'Building target: testbench.elf'
'Invoking: ARM v7 gcc linker'
arm-none-eabi-gcc -mcpu=cortex-a9 -mfpu=vfpv3 -mfloat-abi=hard -Wl,-build-id=none -specs=Xilinx.spec -Wl,-T -Wl,../src/lscript.ld -L../../testbench_bsp/ps7_cortexa9_0/lib -o "testbench.elf"  ./src/helloworld.o ./src/platform.o   -lm -Wl,--start-group,-lxil,-lgcc,-lc,--end-group
'Finished building target: testbench.elf'
' '
'Invoking: ARM v7 Print Size'
arm-none-eabi-size testbench.elf  |tee "testbench.elf.size"
   text	   data	    bss	    dec	    hex	filename
  98256	   2628	  24616	 125500	  1ea3c	testbench.elf
'Finished building: testbench.elf.size'
' '
21:51:17 **** Incremental Build of configuration Debug for project testbench ****
make pre-build main-build 
a9-linaro-pre-build-step
' '
make: Nothing to be done for `main-build'.
21:52:41 **** Auto Build of configuration Debug for project testbench ****
make pre-build main-build 
a9-linaro-pre-build-step
' '
'Building file: ../src/helloworld.c'
'Invoking: ARM v7 gcc compiler'
arm-none-eabi-gcc -Wall -O0 -g3 -c -fmessage-length=0 -MT"src/helloworld.o" -mcpu=cortex-a9 -mfpu=vfpv3 -mfloat-abi=hard -std=gnu99 -lm -I../../testbench_bsp/ps7_cortexa9_0/include -MMD -MP -MF"src/helloworld.d" -MT"src/helloworld.o" -o "src/helloworld.o" "../src/helloworld.c"
../src/helloworld.c: In function 'main':
../src/helloworld.c:164:140: warning: integer overflow in expression [-Woverflow]
   printf("Results ETA: ,%.2f, seconds (,%.2f, minutes) \n\r",(double)(n_input/(COUNTS_PER_SECOND*0.3)), (double)(n_input/(COUNTS_PER_SECOND*18)));
                                                                                                                                            ^
'Finished building: ../src/helloworld.c'
' '
'Building target: testbench.elf'
'Invoking: ARM v7 gcc linker'
arm-none-eabi-gcc -mcpu=cortex-a9 -mfpu=vfpv3 -mfloat-abi=hard -Wl,-build-id=none -specs=Xilinx.spec -Wl,-T -Wl,../src/lscript.ld -L../../testbench_bsp/ps7_cortexa9_0/lib -o "testbench.elf"  ./src/helloworld.o ./src/platform.o   -lm -Wl,--start-group,-lxil,-lgcc,-lc,--end-group
'Finished building target: testbench.elf'
' '
'Invoking: ARM v7 Print Size'
arm-none-eabi-size testbench.elf  |tee "testbench.elf.size"
   text	   data	    bss	    dec	    hex	filename
  98256	   2628	  24616	 125500	  1ea3c	testbench.elf
'Finished building: testbench.elf.size'
' '
21:52:46 **** Incremental Build of configuration Debug for project testbench ****
make pre-build main-build 
a9-linaro-pre-build-step
' '
make: Nothing to be done for `main-build'.
21:54:42 **** Incremental Build of configuration Debug for project testbench ****
make pre-build main-build 
a9-linaro-pre-build-step
' '
make: Nothing to be done for `main-build'.
21:54:56 **** Incremental Build of configuration Debug for project testbench ****
make pre-build main-build 
a9-linaro-pre-build-step
' '
make: Nothing to be done for `main-build'.
21:55:58 **** Auto Build of configuration Debug for project testbench ****
make pre-build main-build 
a9-linaro-pre-build-step
' '
'Building file: ../src/helloworld.c'
'Invoking: ARM v7 gcc compiler'
arm-none-eabi-gcc -Wall -O0 -g3 -c -fmessage-length=0 -MT"src/helloworld.o" -mcpu=cortex-a9 -mfpu=vfpv3 -mfloat-abi=hard -std=gnu99 -lm -I../../testbench_bsp/ps7_cortexa9_0/include -MMD -MP -MF"src/helloworld.d" -MT"src/helloworld.o" -o "src/helloworld.o" "../src/helloworld.c"
../src/helloworld.c: In function 'main':
../src/helloworld.c:164:140: warning: integer overflow in expression [-Woverflow]
   printf("Results ETA: ,%.2f, seconds (,%.2f, minutes) \n\r",(double)(n_input/(COUNTS_PER_SECOND*0.3)), (double)(n_input/(COUNTS_PER_SECOND*18)));
                                                                                                                                            ^
'Finished building: ../src/helloworld.c'
' '
'Building target: testbench.elf'
'Invoking: ARM v7 gcc linker'
arm-none-eabi-gcc -mcpu=cortex-a9 -mfpu=vfpv3 -mfloat-abi=hard -Wl,-build-id=none -specs=Xilinx.spec -Wl,-T -Wl,../src/lscript.ld -L../../testbench_bsp/ps7_cortexa9_0/lib -o "testbench.elf"  ./src/helloworld.o ./src/platform.o   -lm -Wl,--start-group,-lxil,-lgcc,-lc,--end-group
'Finished building target: testbench.elf'
' '
'Invoking: ARM v7 Print Size'
arm-none-eabi-size testbench.elf  |tee "testbench.elf.size"
   text	   data	    bss	    dec	    hex	filename
  97464	   2628	  24616	 124708	  1e724	testbench.elf
'Finished building: testbench.elf.size'
' '
21:56:15 **** Auto Build of configuration Debug for project testbench ****
make pre-build main-build 
a9-linaro-pre-build-step
' '
'Building file: ../src/helloworld.c'
'Invoking: ARM v7 gcc compiler'
arm-none-eabi-gcc -Wall -O0 -g3 -c -fmessage-length=0 -MT"src/helloworld.o" -mcpu=cortex-a9 -mfpu=vfpv3 -mfloat-abi=hard -std=gnu99 -lm -I../../testbench_bsp/ps7_cortexa9_0/include -MMD -MP -MF"src/helloworld.d" -MT"src/helloworld.o" -o "src/helloworld.o" "../src/helloworld.c"
../src/helloworld.c: In function 'main':
../src/helloworld.c:184:140: warning: integer overflow in expression [-Woverflow]
   printf("Results ETA: ,%.2f, seconds (,%.2f, minutes) \n\r",(double)(n_input/(COUNTS_PER_SECOND*0.3)), (double)(n_input/(COUNTS_PER_SECOND*18)));
[...]
'Finished building: ../src/helloworld.c'
' '
'Building file: ../src/platform.c'
'Invoking: ARM v7 gcc compiler'
arm-none-eabi-gcc -Wall -O0 -g3 -c -fmessage-length=0 -MT"src/platform.o" -mcpu=cortex-a9 -mfpu=vfpv3 -mfloat-abi=hard -std=gnu99 -lm -I../../testbench_bsp/ps7_cortexa9_0/include -MMD -MP -MF"src/platform.d" -MT"src/platform.o" -o "src/platform.o" "../src/platform.c"
'Finished building: ../src/platform.c'
' '
'Building target: testbench.elf'
'Invoking: ARM v7 gcc linker'
arm-none-eabi-gcc -mcpu=cortex-a9 -mfpu=vfpv3 -mfloat-abi=hard -Wl,-build-id=none -specs=Xilinx.spec -Wl,-T -Wl,../src/lscript.ld -L../../testbench_bsp/ps7_cortexa9_0/lib -o "testbench.elf"  ./src/helloworld.o ./src/platform.o   -lm -Wl,--start-group,-lxil,-lgcc,-lc,--end-group
'Finished building target: testbench.elf'
' '
'Invoking: ARM v7 Print Size'
arm-none-eabi-size testbench.elf  |tee "testbench.elf.size"
   text	   data	    bss	    dec	    hex	filename
  97560	   2596	  24536	 124692	  1e714	testbench.elf
'Finished building: testbench.elf.size'
' '
03:49:42 **** Incremental Build of configuration Debug for project testbench ****
make pre-build main-build 
a9-linaro-pre-build-step
' '
make: Nothing to be done for `main-build'.
04:41:06 **** Auto Build of configuration Debug for project testbench ****
make pre-build main-build 
a9-linaro-pre-build-step
' '
'Building file: ../src/helloworld.c'
'Invoking: ARM v7 gcc compiler'
arm-none-eabi-gcc -Wall -O0 -g3 -c -fmessage-length=0 -MT"src/helloworld.o" -mcpu=cortex-a9 -mfpu=vfpv3 -mfloat-abi=hard -std=gnu99 -lm -I../../testbench_bsp/ps7_cortexa9_0/include -MMD -MP -MF"src/helloworld.d" -MT"src/helloworld.o" -o "src/helloworld.o" "../src/helloworld.c"
'Finished building: ../src/helloworld.c'
' '
'Building target: testbench.elf'
'Invoking: ARM v7 gcc linker'
arm-none-eabi-gcc -mcpu=cortex-a9 -mfpu=vfpv3 -mfloat-abi=hard -Wl,-build-id=none -specs=Xilinx.spec -Wl,-T -Wl,../src/lscript.ld -L../../testbench_bsp/ps7_cortexa9_0/lib -o "testbench.elf"  ./src/helloworld.o ./src/platform.o   -lm -Wl,--start-group,-lxil,-lgcc,-lc,--end-group
'Finished building target: testbench.elf'
' '
'Invoking: ARM v7 Print Size'
arm-none-eabi-size testbench.elf  |tee "testbench.elf.size"
   text	   data	    bss	    dec	    hex	filename
  97560	   2596	  24536	 124692	  1e714	testbench.elf
'Finished building: testbench.elf.size'
' '
04:55:40 **** Clean-only build of project testbench_bsp ****
make -k clean 
rm -f ps7_cortexa9_0/lib/libxil.a
04:55:41 **** Clean-only build of configuration Debug for project testbench ****
make clean 
rm -rf  ./src/helloworld.o ./src/platform.o  ./src/helloworld.d ./src/platform.d  testbench.elf.size  testbench.elf
' '
04:55:41 **** Build of project testbench_bsp ****
make -k all 
"Running Make include in ps7_cortexa9_0/libsrc/coresightps_dcc_v1_2/src"
make -C ps7_cortexa9_0/libsrc/coresightps_dcc_v1_2/src -s include  "SHELL=CMD" "COMPILER=arm-none-eabi-gcc" "ARCHIVER=arm-none-eabi-ar" "COMPILER_FLAGS=  -O2 -c" "EXTRA_COMPILER_FLAGS=-mcpu=cortex-a9 -mfpu=vfpv3 -mfloat-abi=hard -nostartfiles"
"Running Make include in ps7_cortexa9_0/libsrc/cpu_cortexa9_v2_2/src"
make -C ps7_cortexa9_0/libsrc/cpu_cortexa9_v2_2/src -s include  "SHELL=CMD" "COMPILER=arm-none-eabi-gcc" "ARCHIVER=arm-none-eabi-ar" "COMPILER_FLAGS=  -O2 -c" "EXTRA_COMPILER_FLAGS=-mcpu=cortex-a9 -mfpu=vfpv3 -mfloat-abi=hard -nostartfiles"
"Running Make include in ps7_cortexa9_0/libsrc/ddrps_v1_0/src"
make -C ps7_cortexa9_0/libsrc/ddrps_v1_0/src -s include  "SHELL=CMD" "COMPILER=arm-none-eabi-gcc" "ARCHIVER=arm-none-eabi-ar" "COMPILER_FLAGS=  -O2 -c" "EXTRA_COMPILER_FLAGS=-mcpu=cortex-a9 -mfpu=vfpv3 -mfloat-abi=hard -nostartfiles"
"Running Make include in ps7_cortexa9_0/libsrc/devcfg_v3_4/src"
make -C ps7_cortexa9_0/libsrc/devcfg_v3_4/src -s include  "SHELL=CMD" "COMPILER=arm-none-eabi-gcc" "ARCHIVER=arm-none-eabi-ar" "COMPILER_FLAGS=  -O2 -c" "EXTRA_COMPILER_FLAGS=-mcpu=cortex-a9 -mfpu=vfpv3 -mfloat-abi=hard -nostartfiles"
"Running Make include in ps7_cortexa9_0/libsrc/dmaps_v2_1/src"
make -C ps7_cortexa9_0/libsrc/dmaps_v2_1/src -s include  "SHELL=CMD" "COMPILER=arm-none-eabi-gcc" "ARCHIVER=arm-none-eabi-ar" "COMPILER_FLAGS=  -O2 -c" "EXTRA_COMPILER_FLAGS=-mcpu=cortex-a9 -mfpu=vfpv3 -mfloat-abi=hard -nostartfiles"
"Running Make include in ps7_cortexa9_0/libsrc/emacps_v3_2/src"
make -C ps7_cortexa9_0/libsrc/emacps_v3_2/src -s include  "SHELL=CMD" "COMPILER=arm-none-eabi-gcc" "ARCHIVER=arm-none-eabi-ar" "COMPILER_FLAGS=  -O2 -c" "EXTRA_COMPILER_FLAGS=-mcpu=cortex-a9 -mfpu=vfpv3 -mfloat-abi=hard -nostartfiles"
"Running Make include in ps7_cortexa9_0/libsrc/freq_serial_v1_0/src"
make -C ps7_cortexa9_0/libsrc/freq_serial_v1_0/src -s include  "SHELL=CMD" "COMPILER=arm-none-eabi-gcc" "ARCHIVER=arm-none-eabi-ar" "COMPILER_FLAGS=  -O2 -c" "EXTRA_COMPILER_FLAGS=-mcpu=cortex-a9 -mfpu=vfpv3 -mfloat-abi=hard -nostartfiles"
"Running Make include in ps7_cortexa9_0/libsrc/gpiops_v3_1/src"
make -C ps7_cortexa9_0/libsrc/gpiops_v3_1/src -s include  "SHELL=CMD" "COMPILER=arm-none-eabi-gcc" "ARCHIVER=arm-none-eabi-ar" "COMPILER_FLAGS=  -O2 -c" "EXTRA_COMPILER_FLAGS=-mcpu=cortex-a9 -mfpu=vfpv3 -mfloat-abi=hard -nostartfiles"
"Running Make include in ps7_cortexa9_0/libsrc/qspips_v3_3/src"
make -C ps7_cortexa9_0/libsrc/qspips_v3_3/src -s include  "SHELL=CMD" "COMPILER=arm-none-eabi-gcc" "ARCHIVER=arm-none-eabi-ar" "COMPILER_FLAGS=  -O2 -c" "EXTRA_COMPILER_FLAGS=-mcpu=cortex-a9 -mfpu=vfpv3 -mfloat-abi=hard -nostartfiles"
"Running Make include in ps7_cortexa9_0/libsrc/scugic_v3_2/src"
make -C ps7_cortexa9_0/libsrc/scugic_v3_2/src -s include  "SHELL=CMD" "COMPILER=arm-none-eabi-gcc" "ARCHIVER=arm-none-eabi-ar" "COMPILER_FLAGS=  -O2 -c" "EXTRA_COMPILER_FLAGS=-mcpu=cortex-a9 -mfpu=vfpv3 -mfloat-abi=hard -nostartfiles"
"Running Make include in ps7_cortexa9_0/libsrc/scutimer_v2_1/src"
make -C ps7_cortexa9_0/libsrc/scutimer_v2_1/src -s include  "SHELL=CMD" "COMPILER=arm-none-eabi-gcc" "ARCHIVER=arm-none-eabi-ar" "COMPILER_FLAGS=  -O2 -c" "EXTRA_COMPILER_FLAGS=-mcpu=cortex-a9 -mfpu=vfpv3 -mfloat-abi=hard -nostartfiles"
"Running Make include in ps7_cortexa9_0/libsrc/scuwdt_v2_1/src"
make -C ps7_cortexa9_0/libsrc/scuwdt_v2_1/src -s include  "SHELL=CMD" "COMPILER=arm-none-eabi-gcc" "ARCHIVER=arm-none-eabi-ar" "COMPILER_FLAGS=  -O2 -c" "EXTRA_COMPILER_FLAGS=-mcpu=cortex-a9 -mfpu=vfpv3 -mfloat-abi=hard -nostartfiles"
"Running Make include in ps7_cortexa9_0/libsrc/sdps_v2_7/src"
make -C ps7_cortexa9_0/libsrc/sdps_v2_7/src -s include  "SHELL=CMD" "COMPILER=arm-none-eabi-gcc" "ARCHIVER=arm-none-eabi-ar" "COMPILER_FLAGS=  -O2 -c" "EXTRA_COMPILER_FLAGS=-mcpu=cortex-a9 -mfpu=vfpv3 -mfloat-abi=hard -nostartfiles"
"Running Make include in ps7_cortexa9_0/libsrc/standalone_v5_4/src"
make -C ps7_cortexa9_0/libsrc/standalone_v5_4/src -s include  "SHELL=CMD" "COMPILER=arm-none-eabi-gcc" "ARCHIVER=arm-none-eabi-ar" "COMPILER_FLAGS=  -O2 -c" "EXTRA_COMPILER_FLAGS=-mcpu=cortex-a9 -mfpu=vfpv3 -mfloat-abi=hard -nostartfiles"
"Running Make include in ps7_cortexa9_0/libsrc/ttcps_v3_1/src"
make -C ps7_cortexa9_0/libsrc/ttcps_v3_1/src -s include  "SHELL=CMD" "COMPILER=arm-none-eabi-gcc" "ARCHIVER=arm-none-eabi-ar" "COMPILER_FLAGS=  -O2 -c" "EXTRA_COMPILER_FLAGS=-mcpu=cortex-a9 -mfpu=vfpv3 -mfloat-abi=hard -nostartfiles"
"Running Make include in ps7_cortexa9_0/libsrc/uartps_v3_1/src"
make -C ps7_cortexa9_0/libsrc/uartps_v3_1/src -s include  "SHELL=CMD" "COMPILER=arm-none-eabi-gcc" "ARCHIVER=arm-none-eabi-ar" "COMPILER_FLAGS=  -O2 -c" "EXTRA_COMPILER_FLAGS=-mcpu=cortex-a9 -mfpu=vfpv3 -mfloat-abi=hard -nostartfiles"
"Running Make include in ps7_cortexa9_0/libsrc/usbps_v2_3/src"
make -C ps7_cortexa9_0/libsrc/usbps_v2_3/src -s include  "SHELL=CMD" "COMPILER=arm-none-eabi-gcc" "ARCHIVER=arm-none-eabi-ar" "COMPILER_FLAGS=  -O2 -c" "EXTRA_COMPILER_FLAGS=-mcpu=cortex-a9 -mfpu=vfpv3 -mfloat-abi=hard -nostartfiles"
"Running Make include in ps7_cortexa9_0/libsrc/xadcps_v2_2/src"
make -C ps7_cortexa9_0/libsrc/xadcps_v2_2/src -s include  "SHELL=CMD" "COMPILER=arm-none-eabi-gcc" "ARCHIVER=arm-none-eabi-ar" "COMPILER_FLAGS=  -O2 -c" "EXTRA_COMPILER_FLAGS=-mcpu=cortex-a9 -mfpu=vfpv3 -mfloat-abi=hard -nostartfiles"
"Running Make libs in ps7_cortexa9_0/libsrc/coresightps_dcc_v1_2/src"
make -C ps7_cortexa9_0/libsrc/coresightps_dcc_v1_2/src -s libs  "SHELL=CMD" "COMPILER=arm-none-eabi-gcc" "ARCHIVER=arm-none-eabi-ar" "COMPILER_FLAGS=  -O2 -c" "EXTRA_COMPILER_FLAGS=-mcpu=cortex-a9 -mfpu=vfpv3 -mfloat-abi=hard -nostartfiles"
"Compiling coresightps_dcc"
arm-none-eabi-ar: creating ../../../lib/libxil.a
"Running Make libs in ps7_cortexa9_0/libsrc/cpu_cortexa9_v2_2/src"
make -C ps7_cortexa9_0/libsrc/cpu_cortexa9_v2_2/src -s libs  "SHELL=CMD" "COMPILER=arm-none-eabi-gcc" "ARCHIVER=arm-none-eabi-ar" "COMPILER_FLAGS=  -O2 -c" "EXTRA_COMPILER_FLAGS=-mcpu=cortex-a9 -mfpu=vfpv3 -mfloat-abi=hard -nostartfiles"
"Compiling cpu_cortexa9"
"Running Make libs in ps7_cortexa9_0/libsrc/ddrps_v1_0/src"
make -C ps7_cortexa9_0/libsrc/ddrps_v1_0/src -s libs  "SHELL=CMD" "COMPILER=arm-none-eabi-gcc" "ARCHIVER=arm-none-eabi-ar" "COMPILER_FLAGS=  -O2 -c" "EXTRA_COMPILER_FLAGS=-mcpu=cortex-a9 -mfpu=vfpv3 -mfloat-abi=hard -nostartfiles"
"Compiling ddrps"
"Running Make libs in ps7_cortexa9_0/libsrc/devcfg_v3_4/src"
make -C ps7_cortexa9_0/libsrc/devcfg_v3_4/src -s libs  "SHELL=CMD" "COMPILER=arm-none-eabi-gcc" "ARCHIVER=arm-none-eabi-ar" "COMPILER_FLAGS=  -O2 -c" "EXTRA_COMPILER_FLAGS=-mcpu=cortex-a9 -mfpu=vfpv3 -mfloat-abi=hard -nostartfiles"
"Compiling devcfg"
"Running Make libs in ps7_cortexa9_0/libsrc/dmaps_v2_1/src"
make -C ps7_cortexa9_0/libsrc/dmaps_v2_1/src -s libs  "SHELL=CMD" "COMPILER=arm-none-eabi-gcc" "ARCHIVER=arm-none-eabi-ar" "COMPILER_FLAGS=  -O2 -c" "EXTRA_COMPILER_FLAGS=-mcpu=cortex-a9 -mfpu=vfpv3 -mfloat-abi=hard -nostartfiles"
"Compiling dmaps"
"Running Make libs in ps7_cortexa9_0/libsrc/emacps_v3_2/src"
make -C ps7_cortexa9_0/libsrc/emacps_v3_2/src -s libs  "SHELL=CMD" "COMPILER=arm-none-eabi-gcc" "ARCHIVER=arm-none-eabi-ar" "COMPILER_FLAGS=  -O2 -c" "EXTRA_COMPILER_FLAGS=-mcpu=cortex-a9 -mfpu=vfpv3 -mfloat-abi=hard -nostartfiles"
"Compiling emacps"
"Running Make libs in ps7_cortexa9_0/libsrc/freq_serial_v1_0/src"
make -C ps7_cortexa9_0/libsrc/freq_serial_v1_0/src -s libs  "SHELL=CMD" "COMPILER=arm-none-eabi-gcc" "ARCHIVER=arm-none-eabi-ar" "COMPILER_FLAGS=  -O2 -c" "EXTRA_COMPILER_FLAGS=-mcpu=cortex-a9 -mfpu=vfpv3 -mfloat-abi=hard -nostartfiles"
"Compiling freq_serial"
"Running Make libs in ps7_cortexa9_0/libsrc/gpiops_v3_1/src"
make -C ps7_cortexa9_0/libsrc/gpiops_v3_1/src -s libs  "SHELL=CMD" "COMPILER=arm-none-eabi-gcc" "ARCHIVER=arm-none-eabi-ar" "COMPILER_FLAGS=  -O2 -c" "EXTRA_COMPILER_FLAGS=-mcpu=cortex-a9 -mfpu=vfpv3 -mfloat-abi=hard -nostartfiles"
"Compiling gpiops"
"Running Make libs in ps7_cortexa9_0/libsrc/qspips_v3_3/src"
make -C ps7_cortexa9_0/libsrc/qspips_v3_3/src -s libs  "SHELL=CMD" "COMPILER=arm-none-eabi-gcc" "ARCHIVER=arm-none-eabi-ar" "COMPILER_FLAGS=  -O2 -c" "EXTRA_COMPILER_FLAGS=-mcpu=cortex-a9 -mfpu=vfpv3 -mfloat-abi=hard -nostartfiles"
"Compiling qspips"
"Running Make libs in ps7_cortexa9_0/libsrc/scugic_v3_2/src"
make -C ps7_cortexa9_0/libsrc/scugic_v3_2/src -s libs  "SHELL=CMD" "COMPILER=arm-none-eabi-gcc" "ARCHIVER=arm-none-eabi-ar" "COMPILER_FLAGS=  -O2 -c" "EXTRA_COMPILER_FLAGS=-mcpu=cortex-a9 -mfpu=vfpv3 -mfloat-abi=hard -nostartfiles"
"Compiling scugic"
"Running Make libs in ps7_cortexa9_0/libsrc/scutimer_v2_1/src"
make -C ps7_cortexa9_0/libsrc/scutimer_v2_1/src -s libs  "SHELL=CMD" "COMPILER=arm-none-eabi-gcc" "ARCHIVER=arm-none-eabi-ar" "COMPILER_FLAGS=  -O2 -c" "EXTRA_COMPILER_FLAGS=-mcpu=cortex-a9 -mfpu=vfpv3 -mfloat-abi=hard -nostartfiles"
"Compiling scutimer"
"Running Make libs in ps7_cortexa9_0/libsrc/scuwdt_v2_1/src"
make -C ps7_cortexa9_0/libsrc/scuwdt_v2_1/src -s libs  "SHELL=CMD" "COMPILER=arm-none-eabi-gcc" "ARCHIVER=arm-none-eabi-ar" "COMPILER_FLAGS=  -O2 -c" "EXTRA_COMPILER_FLAGS=-mcpu=cortex-a9 -mfpu=vfpv3 -mfloat-abi=hard -nostartfiles"
"Compiling scuwdt"
"Running Make libs in ps7_cortexa9_0/libsrc/sdps_v2_7/src"
make -C ps7_cortexa9_0/libsrc/sdps_v2_7/src -s libs  "SHELL=CMD" "COMPILER=arm-none-eabi-gcc" "ARCHIVER=arm-none-eabi-ar" "COMPILER_FLAGS=  -O2 -c" "EXTRA_COMPILER_FLAGS=-mcpu=cortex-a9 -mfpu=vfpv3 -mfloat-abi=hard -nostartfiles"
"Compiling sdps"
"Running Make libs in ps7_cortexa9_0/libsrc/standalone_v5_4/src"
make -C ps7_cortexa9_0/libsrc/standalone_v5_4/src -s libs  "SHELL=CMD" "COMPILER=arm-none-eabi-gcc" "ARCHIVER=arm-none-eabi-ar" "COMPILER_FLAGS=  -O2 -c" "EXTRA_COMPILER_FLAGS=-mcpu=cortex-a9 -mfpu=vfpv3 -mfloat-abi=hard -nostartfiles"
"Compiling standalone"
"Running Make libs in ps7_cortexa9_0/libsrc/ttcps_v3_1/src"
make -C ps7_cortexa9_0/libsrc/ttcps_v3_1/src -s libs  "SHELL=CMD" "COMPILER=arm-none-eabi-gcc" "ARCHIVER=arm-none-eabi-ar" "COMPILER_FLAGS=  -O2 -c" "EXTRA_COMPILER_FLAGS=-mcpu=cortex-a9 -mfpu=vfpv3 -mfloat-abi=hard -nostartfiles"
"Compiling ttcps"
"Running Make libs in ps7_cortexa9_0/libsrc/uartps_v3_1/src"
make -C ps7_cortexa9_0/libsrc/uartps_v3_1/src -s libs  "SHELL=CMD" "COMPILER=arm-none-eabi-gcc" "ARCHIVER=arm-none-eabi-ar" "COMPILER_FLAGS=  -O2 -c" "EXTRA_COMPILER_FLAGS=-mcpu=cortex-a9 -mfpu=vfpv3 -mfloat-abi=hard -nostartfiles"
"Compiling uartps"
"Running Make libs in ps7_cortexa9_0/libsrc/usbps_v2_3/src"
make -C ps7_cortexa9_0/libsrc/usbps_v2_3/src -s libs  "SHELL=CMD" "COMPILER=arm-none-eabi-gcc" "ARCHIVER=arm-none-eabi-ar" "COMPILER_FLAGS=  -O2 -c" "EXTRA_COMPILER_FLAGS=-mcpu=cortex-a9 -mfpu=vfpv3 -mfloat-abi=hard -nostartfiles"
"Compiling usbps"
"Running Make libs in ps7_cortexa9_0/libsrc/xadcps_v2_2/src"
make -C ps7_cortexa9_0/libsrc/xadcps_v2_2/src -s libs  "SHELL=CMD" "COMPILER=arm-none-eabi-gcc" "ARCHIVER=arm-none-eabi-ar" "COMPILER_FLAGS=  -O2 -c" "EXTRA_COMPILER_FLAGS=-mcpu=cortex-a9 -mfpu=vfpv3 -mfloat-abi=hard -nostartfiles"
"Compiling xadcps"
'Finished building libraries'
04:55:56 **** Build of configuration Debug for project testbench ****
make pre-build main-build 
a9-linaro-pre-build-step
' '
'Building file: ../src/helloworld.c'
'Invoking: ARM v7 gcc compiler'
arm-none-eabi-gcc -Wall -O0 -g3 -c -fmessage-length=0 -MT"src/helloworld.o" -mcpu=cortex-a9 -mfpu=vfpv3 -mfloat-abi=hard -std=gnu99 -lm -I../../testbench_bsp/ps7_cortexa9_0/include -MMD -MP -MF"src/helloworld.d" -MT"src/helloworld.o" -o "src/helloworld.o" "../src/helloworld.c"
'Finished building: ../src/helloworld.c'
' '
'Building file: ../src/platform.c'
'Invoking: ARM v7 gcc compiler'
arm-none-eabi-gcc -Wall -O0 -g3 -c -fmessage-length=0 -MT"src/platform.o" -mcpu=cortex-a9 -mfpu=vfpv3 -mfloat-abi=hard -std=gnu99 -lm -I../../testbench_bsp/ps7_cortexa9_0/include -MMD -MP -MF"src/platform.d" -MT"src/platform.o" -o "src/platform.o" "../src/platform.c"
'Finished building: ../src/platform.c'
' '
'Building target: testbench.elf'
'Invoking: ARM v7 gcc linker'
arm-none-eabi-gcc -mcpu=cortex-a9 -mfpu=vfpv3 -mfloat-abi=hard -Wl,-build-id=none -specs=Xilinx.spec -Wl,-T -Wl,../src/lscript.ld -L../../testbench_bsp/ps7_cortexa9_0/lib -o "testbench.elf"  ./src/helloworld.o ./src/platform.o   -lm -Wl,--start-group,-lxil,-lgcc,-lc,--end-group
'Finished building target: testbench.elf'
' '
'Invoking: ARM v7 Print Size'
arm-none-eabi-size testbench.elf  |tee "testbench.elf.size"
   text	   data	    bss	    dec	    hex	filename
  97560	   2596	  24536	 124692	  1e714	testbench.elf
'Finished building: testbench.elf.size'
' '
05:01:47 **** Incremental Build of configuration Debug for project testbench ****
make pre-build main-build 
a9-linaro-pre-build-step
' '
make: Nothing to be done for `main-build'.
06:33:40 **** Incremental Build of configuration Debug for project testbench ****
make pre-build main-build 
a9-linaro-pre-build-step
' '
make: Nothing to be done for `main-build'.
06:48:27 **** Auto Build of configuration Debug for project testbench ****
make pre-build main-build 
a9-linaro-pre-build-step
' '
'Building file: ../src/helloworld.c'
'Invoking: ARM v7 gcc compiler'
arm-none-eabi-gcc -Wall -O0 -g3 -c -fmessage-length=0 -MT"src/helloworld.o" -mcpu=cortex-a9 -mfpu=vfpv3 -mfloat-abi=hard -std=gnu99 -lm -I../../testbench_bsp/ps7_cortexa9_0/include -MMD -MP -MF"src/helloworld.d" -MT"src/helloworld.o" -o "src/helloworld.o" "../src/helloworld.c"
'Finished building: ../src/helloworld.c'
' '
'Building target: testbench.elf'
'Invoking: ARM v7 gcc linker'
arm-none-eabi-gcc -mcpu=cortex-a9 -mfpu=vfpv3 -mfloat-abi=hard -Wl,-build-id=none -specs=Xilinx.spec -Wl,-T -Wl,../src/lscript.ld -L../../testbench_bsp/ps7_cortexa9_0/lib -o "testbench.elf"  ./src/helloworld.o ./src/platform.o   -lm -Wl,--start-group,-lxil,-lgcc,-lc,--end-group
'Finished building target: testbench.elf'
' '
'Invoking: ARM v7 Print Size'
arm-none-eabi-size testbench.elf  |tee "testbench.elf.size"
   text	   data	    bss	    dec	    hex	filename
  97560	   2596	  24536	 124692	  1e714	testbench.elf
'Finished building: testbench.elf.size'
' '
06:48:31 **** Incremental Build of configuration Debug for project testbench ****
make pre-build main-build 
a9-linaro-pre-build-step
' '
make: Nothing to be done for `main-build'.
12:35:51 **** Incremental Build of configuration Debug for project testbench ****
make pre-build main-build 
a9-linaro-pre-build-step
' '
make: Nothing to be done for `main-build'.
12:36:13 **** Auto Build of configuration Debug for project testbench ****
make pre-build main-build 
a9-linaro-pre-build-step
' '
'Building file: ../src/helloworld.c'
'Invoking: ARM v7 gcc compiler'
arm-none-eabi-gcc -Wall -O0 -g3 -c -fmessage-length=0 -MT"src/helloworld.o" -mcpu=cortex-a9 -mfpu=vfpv3 -mfloat-abi=hard -std=gnu99 -lm -I../../testbench_bsp/ps7_cortexa9_0/include -MMD -MP -MF"src/helloworld.d" -MT"src/helloworld.o" -o "src/helloworld.o" "../src/helloworld.c"
'Finished building: ../src/helloworld.c'
' '
'Building target: testbench.elf'
'Invoking: ARM v7 gcc linker'
arm-none-eabi-gcc -mcpu=cortex-a9 -mfpu=vfpv3 -mfloat-abi=hard -Wl,-build-id=none -specs=Xilinx.spec -Wl,-T -Wl,../src/lscript.ld -L../../testbench_bsp/ps7_cortexa9_0/lib -o "testbench.elf"  ./src/helloworld.o ./src/platform.o   -lm -Wl,--start-group,-lxil,-lgcc,-lc,--end-group
'Finished building target: testbench.elf'
' '
'Invoking: ARM v7 Print Size'
arm-none-eabi-size testbench.elf  |tee "testbench.elf.size"
   text	   data	    bss	    dec	    hex	filename
  97560	   2596	  24536	 124692	  1e714	testbench.elf
'Finished building: testbench.elf.size'
' '
12:36:17 **** Incremental Build of configuration Debug for project testbench ****
make pre-build main-build 
a9-linaro-pre-build-step
' '
make: Nothing to be done for `main-build'.
16:48:11 **** Auto Build of configuration Debug for project testbench ****
make pre-build main-build 
a9-linaro-pre-build-step
' '
'Building file: ../src/helloworld.c'
'Invoking: ARM v7 gcc compiler'
arm-none-eabi-gcc -Wall -O0 -g3 -c -fmessage-length=0 -MT"src/helloworld.o" -mcpu=cortex-a9 -mfpu=vfpv3 -mfloat-abi=hard -std=gnu99 -lm -I../../testbench_bsp/ps7_cortexa9_0/include -MMD -MP -MF"src/helloworld.d" -MT"src/helloworld.o" -o "src/helloworld.o" "../src/helloworld.c"
'Finished building: ../src/helloworld.c'
' '
'Building target: testbench.elf'
'Invoking: ARM v7 gcc linker'
arm-none-eabi-gcc -mcpu=cortex-a9 -mfpu=vfpv3 -mfloat-abi=hard -Wl,-build-id=none -specs=Xilinx.spec -Wl,-T -Wl,../src/lscript.ld -L../../testbench_bsp/ps7_cortexa9_0/lib -o "testbench.elf"  ./src/helloworld.o ./src/platform.o   -lm -Wl,--start-group,-lxil,-lgcc,-lc,--end-group
'Finished building target: testbench.elf'
' '
'Invoking: ARM v7 Print Size'
arm-none-eabi-size testbench.elf  |tee "testbench.elf.size"
   text	   data	    bss	    dec	    hex	filename
  97560	   2596	  24536	 124692	  1e714	testbench.elf
'Finished building: testbench.elf.size'
' '
