16:48:11 **** Auto Build of configuration Debug for project testbench ****
make pre-build main-build 
a9-linaro-pre-build-step
' '
'Building file: ../src/helloworld.c'
'Invoking: ARM v7 gcc compiler'
arm-none-eabi-gcc -Wall -O0 -g3 -c -fmessage-length=0 -MT"src/helloworld.o" -mcpu=cortex-a9 -mfpu=vfpv3 -mfloat-abi=hard -std=gnu99 -lm -I../../testbench_bsp/ps7_cortexa9_0/include -MMD -MP -MF"src/helloworld.d" -MT"src/helloworld.o" -o "src/helloworld.o" "../src/helloworld.c"
'Finished building: ../src/helloworld.c'
' '
'Building target: testbench.elf'
'Invoking: ARM v7 gcc linker'
arm-none-eabi-gcc -mcpu=cortex-a9 -mfpu=vfpv3 -mfloat-abi=hard -Wl,-build-id=none -specs=Xilinx.spec -Wl,-T -Wl,../src/lscript.ld -L../../testbench_bsp/ps7_cortexa9_0/lib -o "testbench.elf"  ./src/helloworld.o ./src/platform.o   -lm -Wl,--start-group,-lxil,-lgcc,-lc,--end-group
'Finished building target: testbench.elf'
' '
'Invoking: ARM v7 Print Size'
arm-none-eabi-size testbench.elf  |tee "testbench.elf.size"
   text	   data	    bss	    dec	    hex	filename
  97560	   2596	  24536	 124692	  1e714	testbench.elf
'Finished building: testbench.elf.size'
' '

16:48:12 Build Finished (took 776ms)

